
 Start         Length     Name                   Class
 0001:00000000 000B14CCH .text                   CODE
 0002:00000000 00007DA0H .data                   DATA
 0002:00007DA0 00004839H .bss                    BSS


Detailed map of segments

 0001:00000000 00005EFB C=CODE     S=.text    G=(none)   M=System   ACBP=A9
 0001:00005EFC 00000140 C=CODE     S=.text    G=(none)   M=SysInit  ACBP=A9
 0001:0000603C 00000078 C=CODE     S=.text    G=(none)   M=Types    ACBP=A9
 0001:000060B4 00000FF0 C=CODE     S=.text    G=(none)   M=Windows  ACBP=A9
 0001:000070A4 00002053 C=CODE     S=.text    G=(none)   M=ELeaks   ACBP=A9
 0001:000090F8 00000338 C=CODE     S=.text    G=(none)   M=SysConst ACBP=A9
 0001:00009430 0000757C C=CODE     S=.text    G=(none)   M=SysUtils ACBP=A9
 0001:000109AC 00000038 C=CODE     S=.text    G=(none)   M=Messages ACBP=A9
 0001:000109E4 000007FB C=CODE     S=.text    G=(none)   M=VarUtils ACBP=A9
 0001:000111E0 00005B12 C=CODE     S=.text    G=(none)   M=Variants ACBP=A9
 0001:00016CF4 00000130 C=CODE     S=.text    G=(none)   M=RTLConsts ACBP=A9
 0001:00016E24 00000B2C C=CODE     S=.text    G=(none)   M=TypInfo  ACBP=A9
 0001:00017950 000000EC C=CODE     S=.text    G=(none)   M=ActiveX  ACBP=A9
 0001:00017A3C 0000A0DA C=CODE     S=.text    G=(none)   M=Classes  ACBP=A9
 0001:00021B18 00000038 C=CODE     S=.text    G=(none)   M=ETypes   ACBP=A9
 0001:00021B50 00002944 C=CODE     S=.text    G=(none)   M=EConsts  ACBP=A9
 0001:00024494 00004C44 C=CODE     S=.text    G=(none)   M=ECore    ACBP=A9
 0001:000290D8 000047B0 C=CODE     S=.text    G=(none)   M=EDebug   ACBP=A9
 0001:0002D888 00000040 C=CODE     S=.text    G=(none)   M=ShellAPI ACBP=A9
 0001:0002D8C8 00000544 C=CODE     S=.text    G=(none)   M=EWinSock ACBP=A9
 0001:0002DE0C 00001688 C=CODE     S=.text    G=(none)   M=EHook    ACBP=A9
 0001:0002F494 000000E8 C=CODE     S=.text    G=(none)   M=ELang    ACBP=A9
 0001:0002F57C 00001758 C=CODE     S=.text    G=(none)   M=ESockets ACBP=A9
 0001:00030CD4 00007BFC C=CODE     S=.text    G=(none)   M=EZlib2   ACBP=A9
 0001:000388D0 00000B04 C=CODE     S=.text    G=(none)   M=EHash    ACBP=A9
 0001:000393D4 00000360 C=CODE     S=.text    G=(none)   M=EEncrypt ACBP=A9
 0001:00039734 000003DC C=CODE     S=.text    G=(none)   M=EBase64  ACBP=A9
 0001:00039B10 00000154 C=CODE     S=.text    G=(none)   M=EZip     ACBP=A9
 0001:00039C64 00007CF4 C=CODE     S=.text    G=(none)   M=EWebTools ACBP=A9
 0001:00041958 000005A8 C=CODE     S=.text    G=(none)   M=EXMLBuilder ACBP=A9
 0001:00041F00 000044D0 C=CODE     S=.text    G=(none)   M=ELogManager ACBP=A9
 0001:000463D0 000012F4 C=CODE     S=.text    G=(none)   M=EListView ACBP=A9
 0001:000476C4 00007400 C=CODE     S=.text    G=(none)   M=EDisAsm  ACBP=A9
 0001:0004EAC4 0002A470 C=CODE     S=.text    G=(none)   M=ExceptionLog ACBP=A9
 0001:00078F34 00000298 C=CODE     S=.text    G=(none)   M=Consts   ACBP=A9
 0001:000791CC 000072D7 C=CODE     S=.text    G=(none)   M=Graphics ACBP=A9
 0001:000804A4 00000048 C=CODE     S=.text    G=(none)   M=Math     ACBP=A9
 0001:000804EC 000002B8 C=CODE     S=.text    G=(none)   M=Contnrs  ACBP=A9
 0001:000807A4 000000F4 C=CODE     S=.text    G=(none)   M=CommCtrl ACBP=A9
 0001:00080898 00000787 C=CODE     S=.text    G=(none)   M=MultiMon ACBP=A9
 0001:00081020 00000038 C=CODE     S=.text    G=(none)   M=Imm      ACBP=A9
 0001:00081058 00000FF8 C=CODE     S=.text    G=(none)   M=HelpIntfs ACBP=A9
 0001:00082050 00000038 C=CODE     S=.text    G=(none)   M=WinSpool ACBP=A9
 0001:00082088 00000044 C=CODE     S=.text    G=(none)   M=Printers ACBP=A9
 0001:000820CC 0000031F C=CODE     S=.text    G=(none)   M=FlatSB   ACBP=A9
 0001:000823EC 000001A4 C=CODE     S=.text    G=(none)   M=SyncObjs ACBP=A9
 0001:00082590 000009BB C=CODE     S=.text    G=(none)   M=UxTheme  ACBP=A9
 0001:00082F4C 00000038 C=CODE     S=.text    G=(none)   M=RichEdit ACBP=A9
 0001:00082F84 00000038 C=CODE     S=.text    G=(none)   M=ToolWin  ACBP=A9
 0001:00082FBC 00000038 C=CODE     S=.text    G=(none)   M=RegStr   ACBP=A9
 0001:00082FF4 00000038 C=CODE     S=.text    G=(none)   M=WinInet  ACBP=A9
 0001:0008302C 00000038 C=CODE     S=.text    G=(none)   M=UrlMon   ACBP=A9
 0001:00083064 00000038 C=CODE     S=.text    G=(none)   M=ShlObj   ACBP=A9
 0001:0008309C 00000038 C=CODE     S=.text    G=(none)   M=CommDlg  ACBP=A9
 0001:000830D4 00000038 C=CODE     S=.text    G=(none)   M=Dlgs     ACBP=A9
 0001:0008310C 0000066D C=CODE     S=.text    G=(none)   M=Dialogs  ACBP=A9
 0001:0008377C 00000652 C=CODE     S=.text    G=(none)   M=ExtCtrls ACBP=A9
 0001:00083DD0 00000038 C=CODE     S=.text    G=(none)   M=ComStrs  ACBP=A9
 0001:00083E08 00000094 C=CODE     S=.text    G=(none)   M=Clipbrd  ACBP=A9
 0001:00083E9C 00000038 C=CODE     S=.text    G=(none)   M=StrUtils ACBP=A9
 0001:00083ED4 000000F5 C=CODE     S=.text    G=(none)   M=Buttons  ACBP=A9
 0001:00083FCC 00000038 C=CODE     S=.text    G=(none)   M=ExtDlgs  ACBP=A9
 0001:00084004 00000068 C=CODE     S=.text    G=(none)   M=IniFiles ACBP=A9
 0001:0008406C 00000068 C=CODE     S=.text    G=(none)   M=Registry ACBP=A9
 0001:000840D4 0000006C C=CODE     S=.text    G=(none)   M=Mapi     ACBP=A9
 0001:00084140 00000058 C=CODE     S=.text    G=(none)   M=ExtActns ACBP=A9
 0001:00084198 00000038 C=CODE     S=.text    G=(none)   M=ListActns ACBP=A9
 0001:000841D0 00000180 C=CODE     S=.text    G=(none)   M=ComCtrls ACBP=A9
 0001:00084350 00000A0C C=CODE     S=.text    G=(none)   M=Themes   ACBP=A9
 0001:00084D5C 00003714 C=CODE     S=.text    G=(none)   M=StdCtrls ACBP=A9
 0001:00088470 00000168 C=CODE     S=.text    G=(none)   M=StdActns ACBP=A9
 0001:000885D8 00000D1F C=CODE     S=.text    G=(none)   M=WinHelpViewer ACBP=A9
 0001:000892F8 00010887 C=CODE     S=.text    G=(none)   M=Controls ACBP=A9
 0001:00099B80 00001292 C=CODE     S=.text    G=(none)   M=ActnList ACBP=A9
 0001:0009AE14 000016E4 C=CODE     S=.text    G=(none)   M=ImgList  ACBP=A9
 0001:0009C4F8 000066AD C=CODE     S=.text    G=(none)   M=Menus    ACBP=A9
 0001:000A2BA8 0000C568 C=CODE     S=.text    G=(none)   M=Forms    ACBP=A9
 0001:000AF110 00000060 C=CODE     S=.text    G=(none)   M=ComConst ACBP=A9
 0001:000AF170 00001059 C=CODE     S=.text    G=(none)   M=ComObj   ACBP=A9
 0001:000B01CC 00000040 C=CODE     S=.text    G=(none)   M=OleConst ACBP=A9
 0001:000B020C 000008EA C=CODE     S=.text    G=(none)   M=OleServer ACBP=A9
 0001:000B0AF8 00000038 C=CODE     S=.text    G=(none)   M=StdVCL   ACBP=A9
 0001:000B0B30 00000038 C=CODE     S=.text    G=(none)   M=mscorlib_TLB ACBP=A9
 0001:000B0B68 00000398 C=CODE     S=.text    G=(none)   M=GoGetURL_TLB ACBP=A9
 0001:000B0F00 000002A4 C=CODE     S=.text    G=(none)   M=uMainForm ACBP=A9
 0001:000B11A4 00000325 C=CODE     S=.text    G=(none)   M=GoGetURLApp ACBP=A9
 0002:00000000 000000A4 C=DATA     S=.data    G=DGROUP   M=System   ACBP=A9
 0002:000000A4 00000020 C=DATA     S=.data    G=DGROUP   M=SysInit  ACBP=A9
 0002:000000C4 00000014 C=DATA     S=.data    G=DGROUP   M=ELeaks   ACBP=A9
 0002:000000D8 00000254 C=DATA     S=.data    G=DGROUP   M=SysUtils ACBP=A9
 0002:0000032C 00000008 C=DATA     S=.data    G=DGROUP   M=VarUtils ACBP=A9
 0002:00000334 0000008E C=DATA     S=.data    G=DGROUP   M=Variants ACBP=A9
 0002:000003C4 0000000C C=DATA     S=.data    G=DGROUP   M=TypInfo  ACBP=A9
 0002:000003D0 00000010 C=DATA     S=.data    G=DGROUP   M=ActiveX  ACBP=A9
 0002:000003E0 00000080 C=DATA     S=.data    G=DGROUP   M=Classes  ACBP=A9
 0002:00000460 00000908 C=DATA     S=.data    G=DGROUP   M=EConsts  ACBP=A9
 0002:00000D68 00000050 C=DATA     S=.data    G=DGROUP   M=ECore    ACBP=A9
 0002:00000DB8 0000004C C=DATA     S=.data    G=DGROUP   M=EDebug   ACBP=A9
 0002:00000E04 00000001 C=DATA     S=.data    G=DGROUP   M=EWinSock ACBP=A9
 0002:00000E08 000001A0 C=DATA     S=.data    G=DGROUP   M=EHook    ACBP=A9
 0002:00000FA8 00000001 C=DATA     S=.data    G=DGROUP   M=ESockets ACBP=A9
 0002:00000FAC 00000E5C C=DATA     S=.data    G=DGROUP   M=EZlib2   ACBP=A9
 0002:00001E08 00000212 C=DATA     S=.data    G=DGROUP   M=EHash    ACBP=A9
 0002:0000201C 00000144 C=DATA     S=.data    G=DGROUP   M=EBase64  ACBP=A9
 0002:00002160 000034B0 C=DATA     S=.data    G=DGROUP   M=EWebTools ACBP=A9
 0002:00005610 00000020 C=DATA     S=.data    G=DGROUP   M=EXMLBuilder ACBP=A9
 0002:00005630 00000024 C=DATA     S=.data    G=DGROUP   M=ELogManager ACBP=A9
 0002:00005654 000012D5 C=DATA     S=.data    G=DGROUP   M=EDisAsm  ACBP=A9
 0002:0000692C 000005E4 C=DATA     S=.data    G=DGROUP   M=ExceptionLog ACBP=A9
 0002:00006F10 00000304 C=DATA     S=.data    G=DGROUP   M=Graphics ACBP=A9
 0002:00007214 00000004 C=DATA     S=.data    G=DGROUP   M=Printers ACBP=A9
 0002:00007218 00000074 C=DATA     S=.data    G=DGROUP   M=Dialogs  ACBP=A9
 0002:0000728C 00000178 C=DATA     S=.data    G=DGROUP   M=ExtCtrls ACBP=A9
 0002:00007404 0000002C C=DATA     S=.data    G=DGROUP   M=Buttons  ACBP=A9
 0002:00007430 00000008 C=DATA     S=.data    G=DGROUP   M=IniFiles ACBP=A9
 0002:00007438 00000008 C=DATA     S=.data    G=DGROUP   M=Registry ACBP=A9
 0002:00007440 00000008 C=DATA     S=.data    G=DGROUP   M=Mapi     ACBP=A9
 0002:00007448 00000018 C=DATA     S=.data    G=DGROUP   M=ComCtrls ACBP=A9
 0002:00007460 00000068 C=DATA     S=.data    G=DGROUP   M=Themes   ACBP=A9
 0002:000074C8 00000070 C=DATA     S=.data    G=DGROUP   M=StdCtrls ACBP=A9
 0002:00007538 0000013C C=DATA     S=.data    G=DGROUP   M=Controls ACBP=A9
 0002:00007674 00000020 C=DATA     S=.data    G=DGROUP   M=ImgList  ACBP=A9
 0002:00007694 000000EC C=DATA     S=.data    G=DGROUP   M=Menus    ACBP=A9
 0002:00007780 0000011C C=DATA     S=.data    G=DGROUP   M=Forms    ACBP=A9
 0002:0000789C 00000030 C=DATA     S=.data    G=DGROUP   M=ComObj   ACBP=A9
 0002:000078CC 0000003C C=DATA     S=.data    G=DGROUP   M=GoGetURL_TLB ACBP=A9
 0002:00008000 00000664 C=BSS      S=.bss     G=DGROUP   M=System   ACBP=A9
 0002:00008664 00000010 C=BSS      S=.bss     G=DGROUP   M=SysInit  ACBP=A9
 0002:00008674 00000004 C=BSS      S=.bss     G=DGROUP   M=Types    ACBP=A9
 0002:00008678 00000004 C=BSS      S=.bss     G=DGROUP   M=Windows  ACBP=A9
 0002:0000867C 00000054 C=BSS      S=.bss     G=DGROUP   M=ELeaks   ACBP=A9
 0002:000086D0 00000004 C=BSS      S=.bss     G=DGROUP   M=SysConst ACBP=A9
 0002:000086D4 00000120 C=BSS      S=.bss     G=DGROUP   M=SysUtils ACBP=A9
 0002:000087F4 00000004 C=BSS      S=.bss     G=DGROUP   M=Messages ACBP=A9
 0002:000087F8 0000005C C=BSS      S=.bss     G=DGROUP   M=VarUtils ACBP=A9
 0002:00008854 00000040 C=BSS      S=.bss     G=DGROUP   M=Variants ACBP=A9
 0002:00008894 00000004 C=BSS      S=.bss     G=DGROUP   M=RTLConsts ACBP=A9
 0002:00008898 00000004 C=BSS      S=.bss     G=DGROUP   M=TypInfo  ACBP=A9
 0002:0000889C 00000004 C=BSS      S=.bss     G=DGROUP   M=ActiveX  ACBP=A9
 0002:000088A0 00000044 C=BSS      S=.bss     G=DGROUP   M=Classes  ACBP=A9
 0002:000088E4 00000004 C=BSS      S=.bss     G=DGROUP   M=ETypes   ACBP=A9
 0002:000088E8 00000004 C=BSS      S=.bss     G=DGROUP   M=EConsts  ACBP=A9
 0002:000088EC 00000009 C=BSS      S=.bss     G=DGROUP   M=ECore    ACBP=A9
 0002:000088F8 00000004 C=BSS      S=.bss     G=DGROUP   M=EDebug   ACBP=A9
 0002:000088FC 00000004 C=BSS      S=.bss     G=DGROUP   M=ShellAPI ACBP=A9
 0002:00008900 00000010 C=BSS      S=.bss     G=DGROUP   M=EWinSock ACBP=A9
 0002:00008910 00000010 C=BSS      S=.bss     G=DGROUP   M=EHook    ACBP=A9
 0002:00008920 00000004 C=BSS      S=.bss     G=DGROUP   M=ELang    ACBP=A9
 0002:00008924 00000004 C=BSS      S=.bss     G=DGROUP   M=ESockets ACBP=A9
 0002:00008928 00002894 C=BSS      S=.bss     G=DGROUP   M=EZlib2   ACBP=A9
 0002:0000B1BC 00000404 C=BSS      S=.bss     G=DGROUP   M=EHash    ACBP=A9
 0002:0000B5C0 0000001C C=BSS      S=.bss     G=DGROUP   M=EEncrypt ACBP=A9
 0002:0000B5DC 00000004 C=BSS      S=.bss     G=DGROUP   M=EBase64  ACBP=A9
 0002:0000B5E0 00000004 C=BSS      S=.bss     G=DGROUP   M=EZip     ACBP=A9
 0002:0000B5E4 00000048 C=BSS      S=.bss     G=DGROUP   M=EWebTools ACBP=A9
 0002:0000B62C 00000004 C=BSS      S=.bss     G=DGROUP   M=EXMLBuilder ACBP=A9
 0002:0000B630 00000004 C=BSS      S=.bss     G=DGROUP   M=ELogManager ACBP=A9
 0002:0000B634 00000004 C=BSS      S=.bss     G=DGROUP   M=EListView ACBP=A9
 0002:0000B638 00000004 C=BSS      S=.bss     G=DGROUP   M=EDisAsm  ACBP=A9
 0002:0000B63C 00000E84 C=BSS      S=.bss     G=DGROUP   M=ExceptionLog ACBP=A9
 0002:0000C4C0 00000004 C=BSS      S=.bss     G=DGROUP   M=Consts   ACBP=A9
 0002:0000C4C4 00000060 C=BSS      S=.bss     G=DGROUP   M=Graphics ACBP=A9
 0002:0000C524 00000004 C=BSS      S=.bss     G=DGROUP   M=Math     ACBP=A9
 0002:0000C528 00000004 C=BSS      S=.bss     G=DGROUP   M=Contnrs  ACBP=A9
 0002:0000C52C 00000004 C=BSS      S=.bss     G=DGROUP   M=CommCtrl ACBP=A9
 0002:0000C530 00000031 C=BSS      S=.bss     G=DGROUP   M=MultiMon ACBP=A9
 0002:0000C564 00000004 C=BSS      S=.bss     G=DGROUP   M=Imm      ACBP=A9
 0002:0000C568 00000008 C=BSS      S=.bss     G=DGROUP   M=HelpIntfs ACBP=A9
 0002:0000C570 00000004 C=BSS      S=.bss     G=DGROUP   M=WinSpool ACBP=A9
 0002:0000C574 00000004 C=BSS      S=.bss     G=DGROUP   M=Printers ACBP=A9
 0002:0000C578 00000034 C=BSS      S=.bss     G=DGROUP   M=FlatSB   ACBP=A9
 0002:0000C5AC 00000004 C=BSS      S=.bss     G=DGROUP   M=SyncObjs ACBP=A9
 0002:0000C5B0 000000CC C=BSS      S=.bss     G=DGROUP   M=UxTheme  ACBP=A9
 0002:0000C67C 00000004 C=BSS      S=.bss     G=DGROUP   M=RichEdit ACBP=A9
 0002:0000C680 00000004 C=BSS      S=.bss     G=DGROUP   M=ToolWin  ACBP=A9
 0002:0000C684 00000004 C=BSS      S=.bss     G=DGROUP   M=RegStr   ACBP=A9
 0002:0000C688 00000004 C=BSS      S=.bss     G=DGROUP   M=WinInet  ACBP=A9
 0002:0000C68C 00000004 C=BSS      S=.bss     G=DGROUP   M=UrlMon   ACBP=A9
 0002:0000C690 00000004 C=BSS      S=.bss     G=DGROUP   M=ShlObj   ACBP=A9
 0002:0000C694 00000004 C=BSS      S=.bss     G=DGROUP   M=CommDlg  ACBP=A9
 0002:0000C698 00000004 C=BSS      S=.bss     G=DGROUP   M=Dlgs     ACBP=A9
 0002:0000C69C 0000000C C=BSS      S=.bss     G=DGROUP   M=Dialogs  ACBP=A9
 0002:0000C6A8 00000004 C=BSS      S=.bss     G=DGROUP   M=ExtCtrls ACBP=A9
 0002:0000C6AC 00000004 C=BSS      S=.bss     G=DGROUP   M=ComStrs  ACBP=A9
 0002:0000C6B0 0000000C C=BSS      S=.bss     G=DGROUP   M=Clipbrd  ACBP=A9
 0002:0000C6BC 00000004 C=BSS      S=.bss     G=DGROUP   M=StrUtils ACBP=A9
 0002:0000C6C0 00000030 C=BSS      S=.bss     G=DGROUP   M=Buttons  ACBP=A9
 0002:0000C6F0 00000004 C=BSS      S=.bss     G=DGROUP   M=ExtDlgs  ACBP=A9
 0002:0000C6F4 00000004 C=BSS      S=.bss     G=DGROUP   M=IniFiles ACBP=A9
 0002:0000C6F8 00000004 C=BSS      S=.bss     G=DGROUP   M=Registry ACBP=A9
 0002:0000C6FC 00000004 C=BSS      S=.bss     G=DGROUP   M=Mapi     ACBP=A9
 0002:0000C700 00000009 C=BSS      S=.bss     G=DGROUP   M=ExtActns ACBP=A9
 0002:0000C70C 00000004 C=BSS      S=.bss     G=DGROUP   M=ListActns ACBP=A9
 0002:0000C710 00000010 C=BSS      S=.bss     G=DGROUP   M=ComCtrls ACBP=A9
 0002:0000C720 00000008 C=BSS      S=.bss     G=DGROUP   M=Themes   ACBP=A9
 0002:0000C728 00000004 C=BSS      S=.bss     G=DGROUP   M=StdCtrls ACBP=A9
 0002:0000C72C 00000004 C=BSS      S=.bss     G=DGROUP   M=StdActns ACBP=A9
 0002:0000C730 00000014 C=BSS      S=.bss     G=DGROUP   M=WinHelpViewer ACBP=A9
 0002:0000C744 00000080 C=BSS      S=.bss     G=DGROUP   M=Controls ACBP=A9
 0002:0000C7C4 00000004 C=BSS      S=.bss     G=DGROUP   M=ActnList ACBP=A9
 0002:0000C7C8 0000000C C=BSS      S=.bss     G=DGROUP   M=ImgList  ACBP=A9
 0002:0000C7D4 00000010 C=BSS      S=.bss     G=DGROUP   M=Menus    ACBP=A9
 0002:0000C7E4 00000020 C=BSS      S=.bss     G=DGROUP   M=Forms    ACBP=A9
 0002:0000C804 00000004 C=BSS      S=.bss     G=DGROUP   M=ComConst ACBP=A9
 0002:0000C808 00000011 C=BSS      S=.bss     G=DGROUP   M=ComObj   ACBP=A9
 0002:0000C81C 00000004 C=BSS      S=.bss     G=DGROUP   M=OleConst ACBP=A9
 0002:0000C820 00000004 C=BSS      S=.bss     G=DGROUP   M=OleServer ACBP=A9
 0002:0000C824 00000004 C=BSS      S=.bss     G=DGROUP   M=StdVCL   ACBP=A9
 0002:0000C828 00000004 C=BSS      S=.bss     G=DGROUP   M=mscorlib_TLB ACBP=A9
 0002:0000C82C 00000004 C=BSS      S=.bss     G=DGROUP   M=GoGetURL_TLB ACBP=A9
 0002:0000C830 00000008 C=BSS      S=.bss     G=DGROUP   M=uMainForm ACBP=A9


  Address         Publics by Name

 0002:0000105C       ..
 0002:00008930       ..
 0002:00001044       ..
 0002:000010B0       ..
 0001:00032FEC       ..
 0002:00001100       ..
 0002:0000103C       ..
 0001:00032F24       ..
 0002:0000A930       ..
 0002:00001270       ..
 0002:0000139C       ..
 0002:00001030       ..
 0001:00036A54       ..
 0001:00032B18       ..
 0002:00000FD4       ..
 0001:00031604       ..
 0002:000088F8       .03
 0002:0000B5C0       .1
 0002:00008910       .1
 0002:0000B1BC       .1
 0002:0000C598       .1
 0002:000087F4       .1
 0002:0000C694       .1
 0002:0000C824       .1
 0002:0000C690       .1
 0002:0000C66C       .1
 0002:00008920       .1
 0002:0000C81C       .1
 0002:0000C68C       .1
 0002:0000C688       .1
 0002:0000C67C       .1
 0002:0000C684       .1
 0002:00008674       .1
 0002:0000B5DC       .1
 0002:000088FC       .1
 0002:0000C6FC       .1
 0002:0000866C       .1
 0002:0000C738       .1
 0002:0000C564       .1
 0002:0000C698       .1
 0002:0000C550       .1
 0002:0000C52C       .1
 0002:00008694       .1
 0002:0000C4C0       .1
 0002:000086D0       .1
 0002:00008894       .1
 0002:000088E4       .1
 0002:0000C6BC       .1
 0002:0000C6AC       .1
 0002:0000C804       .1
 0002:0000C69C       .11
 0002:0000C4C8       .12
 0002:0000C6A8       .12
 0002:00008928       .2
 0002:0000B638       .2
 0002:0000B634       .2
 0002:0000C720       .2
 0002:0000C524       .2
 0002:0000C6B4       .2
 0002:0000C568       .2
 0002:0000C834       .2
 0002:0000B660       .21
 0002:0000C528       .21
 0002:0000C6F0       .3
 0002:0000C570       .3
 0002:0000C574       .3
 0002:0000C82C       .3
 0002:00008678       .3
 0002:0000C820       .3
 0002:00008924       .3
 0002:0000B630       .3
 0002:0000B5E0       .3
 0002:0000B62C       .3
 0002:0000889C       .3
 0002:0000C7C8       .3
 0002:000087E4       .35
 0002:0000C710       .36
 0002:00008900       .4
 0002:0000C6C0       .4
 0002:0000C680       .4
 0002:000088F0       .4
 0002:0000C808       .41
 0002:0000C7EC       .41
 0002:0000C728       .42
 0002:0000C828       .446
 0002:000088AC       .45
 0002:0000C6F8       .5
 0002:00008850       .5
 0002:000085BC       .5
 0002:000088E8       .5
 0002:00008898       .6
 0002:0000C5AC       .6
 0002:0000B5E4       .7
 0002:0000C74C       .72
 0002:0000C700       .72
 0002:0000C72C       .73
 0002:0000C6F4       .8
 0002:0000C70C       .8
 0002:0000C7C4       .8
 0002:00008874       .81
 0002:0000C7DC       .9
 0001:000020C8       @AbstractError
 0001:00004838       @AddRefArray
 0001:000047F0       @AddRefRecord
 0001:00003090       @AfterConstruction
 0001:00002ED4       @AsClass
 0001:00003B50       @Assert
 0001:00002534       @AStrCmp
 0001:000030A0       @BeforeDestruction
 0001:00002C54       @BoundErr
 0001:00002F20       @CallDynaInst
 0001:00005938       @CheckAutoResult
 0001:00003038       @ClassCreate
 0001:00003088       @ClassDestroy
 0001:00002400       @Close
 0001:00001CE4       @Copy
 0001:00004A2C       @CopyArray
 0001:00004910       @CopyRecord
 0001:00033998       @deflateInit2_
 0001:00004B98       @DispCallByIDError
 0001:00011D04       @DispInvokeError
 0001:00004B34       @Dispose
 0001:000035E0       @DoneExcept
 0001:0000512C       @DynArrayAddRef
 0001:00005104       @DynArrayAsg
 0001:000050C8       @DynArrayClear
 0001:00004EE8       @DynArrayHigh
 0001:00004EE0       @DynArrayLength
 0001:000050BC       @DynArraySetLength
 0001:000036C8       @ExceptionHandler
 0001:000025A4       @FillChar
 0001:00032BE4       @fill_fopen_filefunc
 0001:000047E4       @Finalize
 0001:000046F8       @FinalizeArray
 0001:000046AC       @FinalizeRecord
 0001:000023F4       @Flush
 0001:00002C48       @FpuInit
 0001:00002B84       @FpuMaskInit
 0001:00001B08       @FreeMem
 0001:00001AD8       @GetMem
 0001:00005F74       @GetTls
 0001:0003311C       @get_crc_table
 0001:00003B38       @Halt
 0001:00003A58       @Halt0
 0001:000031B4       @HandleAnyException
 0001:000034A0       @HandleAutoException
 0001:00003468       @HandleFinally
 0001:000032E0       @HandleOnException
 0001:0003508C       @inflateInit2_
 0001:00034AD4       @inflate_fast
 0001:000365E4       @inflate_table
 0001:00005FC0       @InitExe
 0001:000046A0       @Initialize
 0001:0000460C       @InitializeArray
 0001:000045DC       @InitializeRecord
 0001:0000391C       @InitImports
 0001:000038F4       @InitResStringImports
 0001:000038D0       @InitResStrings
 0001:00001DA0       @Insert
 0001:0000589C       @IntfAddRef
 0001:0000586C       @IntfCast
 0001:00005828       @IntfClear
 0001:00005840       @IntfCopy
 0001:00002EB0       @IsClass
 0001:00002B54       @isNECWindows
 0001:00001D28       @LGetDir
 0001:000040C0       @LStrAddRef
 0001:00003C18       @LStrArrayClr
 0001:00003C48       @LStrAsg
 0001:00003ED8       @LStrCat
 0001:00003F1C       @LStrCat3
 0001:00003F90       @LStrCatN
 0001:00003BF4       @LStrClr
 0001:0000401C       @LStrCmp
 0001:00004130       @LStrCopy
 0001:00004170       @LStrDelete
 0001:00003E64       @LStrFromArray
 0001:00003DDC       @LStrFromChar
 0001:00003DEC       @LStrFromPChar
 0001:00003CE4       @LStrFromPCharLen
 0001:00003E1C       @LStrFromPWChar
 0001:00003D50       @LStrFromPWCharLen
 0001:00003E58       @LStrFromString
 0001:00003E7C       @LStrFromWArray
 0001:00003E98       @LStrFromWStr
 0001:000041B8       @LStrInsert
 0001:00003C8C       @LStrLAsg
 0001:00003ED0       @LStrLen
 0001:00004214       @LStrPos
 0001:0000425C       @LStrSetLength
 0001:000040D0       @LStrToPChar
 0001:00003EAC       @LStrToString
 0001:00004B20       @New
 0001:00003CB8       @NewAnsiString
 0001:00004304       @NewWideString
 0001:00002030       @Pos
 0001:00002868       @Pow10
 0001:000024B0       @PStrCmp
 0001:00002488       @PStrCpy
 0001:00002458       @PStrNCat
 0001:00002494       @PStrNCpy
 0001:0000358C       @RaiseAgain
 0001:00003564       @RaiseExcept
 0001:000025C4       @RandInt
 0001:00001B28       @ReallocMem
 0001:0000213C       @RewritText
 0001:00002098       @ROUND
 0001:00003B44       @RunError
 0001:0000284C       @SetEq
 0001:00002070       @SetLength
 0001:00003890       @StartExe
 0001:00000344       @strlen
 0001:000020A4       @TRUNC
 0001:00003610       @TryFinallyExit
 0001:00004128       @UniqueStringA
 0001:00004CBC       @ValInt64
 0001:000025E0       @ValLong
 0001:00016448       @VarAddRef
 0001:00004820       @VarAddRef
 0001:000125F8       @VarCast
 0001:00011FF0       @VarClear
 0001:000046E0       @VarClr
 0001:00012004       @VarClr
 0001:0001232C       @VarCopy
 0001:000048F8       @VarCopy
 0001:00016328       @VarFromBool
 0001:000161B4       @VarFromByte
 0001:00016378       @VarFromCurr
 0001:000162D0       @VarFromCurrency
 0001:000162FC       @VarFromDate
 0001:0001641C       @VarFromDisp
 0001:000162A4       @VarFromDouble
 0001:00016158       @VarFromInt
 0001:00016254       @VarFromInt64
 0001:00016194       @VarFromInteger
 0001:000163F0       @VarFromIntf
 0001:000161F4       @VarFromLongWord
 0001:0001638C       @VarFromLStr
 0001:00016350       @VarFromReal
 0001:00016214       @VarFromShortInt
 0001:00016280       @VarFromSingle
 0001:00016234       @VarFromSmallInt
 0001:00016364       @VarFromTDateTime
 0001:000161D4       @VarFromWord
 0001:000163B8       @VarFromWStr
 0001:00011D58       @VarNull
 0001:00013A7C       @VarToBoolean
 0001:00012EBC       @VarToByte
 0001:00014C40       @VarToCurrency
 0001:000146D8       @VarToDate
 0001:000160AC       @VarToDisp
 0001:00013F84       @VarToDouble
 0001:00013480       @VarToInt64
 0001:000129BC       @VarToInteger
 0001:00015FE0       @VarToIntf
 0001:00013134       @VarToLongWord
 0001:000152F4       @VarToLStr
 0001:00012E0C       @VarToShortInt
 0001:00014300       @VarToSingle
 0001:00012F64       @VarToSmallInt
 0001:0001305C       @VarToWord
 0001:00015A14       @VarToWStr
 0001:000042C0       @Write0LString
 0001:000026F8       @WriteBytes
 0001:000027C8       @WriteLn
 0001:000042DC       @WriteLString
 0001:0000274C       @WriteSpaces
 0001:000045BC       @WStrAddRef
 0001:00004344       @WStrArrayClr
 0001:00004368       @WStrAsg
 0001:0000432C       @WStrClr
 0001:000044A4       @WStrCmp
 0001:00004528       @WStrCopy
 0001:00004478       @WStrFromLStr
 0001:0000438C       @WStrFromPCharLen
 0001:0000443C       @WStrFromPWChar
 0001:00004418       @WStrFromPWCharLen
 0001:00004498       @WStrLen
 0001:00004574       @WStrSetLength
 0001:00004488       @WStrToPWChar
 0001:00002828       @_CLenToPasStr
 0001:0000281C       @_CToPasStr
 0001:00001CB4       @_IOTest
 0001:00004BC4       @_lldiv
 0001:00004C40       @_llmod
 0001:00004BA0       @_llmul
 0001:00037C54       @_tr_align
 0001:00037F20       @_tr_flush_block
 0001:00036A58       @_tr_init
 0001:00037B98       @_tr_stored_block
 0001:0000E84C       Abort
 0002:0000B791       AbortOperation
 0001:0008BD10       AbsMin
 0001:0000EC18       AbstractErrorHandler
 0002:0000802C       AbstractErrorProc
 0002:0000015C       AccessMode
 0001:0006A57C       AccessViolationModuleInLongFormat
 0001:00001BFC       AcquireExceptionObject
 0001:000610FC       ActicatePage
 0001:00019DF4       ActivateClassGroup
 0002:0000B7D8       ActivateEurekaLog
 0001:00006820       ActivateKeyboardLayout
 0002:0000C780       ActiveDrag
 0001:00017A34       ActiveX
 0001:0009ADE8       ActnList
 0001:0003B5F0       AddAuthenticationToURL
 0001:000004AC       AddBlockAfter
 0001:00070E5C       AddCallerCallStack
 0001:0006504C       AddColor
 0001:0005CA80       AddCustomHeadersToLog
 0001:0005C924       AddCustomHeaderToLog
 0002:000003E0       AddDataModule
 0001:000303AC       AddDNS
 0001:0000A104       AddExitProc
 0001:0001D230       AddFinished
 0001:0009E12C       AddIn
 0002:00008690       AddLeak
 0001:0005B5AC       AddModule
 0001:0005B43C       AddModuleFromFileName
 0001:00005680       AddModuleUnloadProc
 0001:00005690       AddModuleUnloadProc
 0001:00054DC0       AddNewProcess
 0001:000551AC       AddNewProcessEx
 0001:0001D268       AddNotFinished
 0001:0002E410       AddrSize
 0001:00069844       AddStr
 0001:0001DC8C       AddSubComponentsToLoaded
 0001:000200A0       AddThread
 0001:0005B64C       AddToStack
 0001:000437F8       AddValueField
 0001:00031418       AddZipFile
 0001:0007C82C       AdjustColor
 0001:0006104C       AdjustDialog
 0001:0005E458       AdjustFlatStyle
 0001:0000A3D0       AdjustLineBreaks
 0001:000A51D0       Adjustment
 0001:00006828       AdjustWindowRectEx
 0001:00032C1C       adler32
 0001:00056DA8       Advance
 0001:00065C0C       AfterScreenshot
 0001:00065940       AfterScreenshotToStream
 0002:00007500       Alignments
 0002:00007758       Alignments
 0002:00007768       Alignments
 0001:0009133C       AlignWork
 0001:000AC114       AlignWork
 0002:000086AC       AllocatedList_End
 0002:000086A4       AllocatedList_Lock
 0002:000086A8       AllocatedList_Start
 0001:000218F8       AllocateHWnd
 0001:0000A0A8       AllocMem
 0001:0004EF8C       AllocMemAlign
 0002:000085B4       AllocMemCount
 0002:000085B8       AllocMemSize
 0001:0008029C       AllocPatternBitmap
 0001:00005F1C       AllocTlsBuffer
 0002:000055F0       AlphaNumerics
 0002:00007544       AnchorAlign
 0002:00007538       AnimateWindowProc
 0002:00007640       AnimationStyle
 0001:0000F574       AnsiCompareFileName
 0001:0000A2D8       AnsiCompareStr
 0001:0000A310       AnsiCompareText
 0001:0000AC84       AnsiLastChar
 0001:00006830       AnsiLower
 0001:0000A2A4       AnsiLowerCase
 0001:0000F5F4       AnsiLowerCaseFileName
 0001:0000F538       AnsiPos
 0001:000A29B4       AnsiSameCaption
 0001:0000A348       AnsiSameText
 0001:0000A360       AnsiStrLIComp
 0001:0000F680       AnsiStrPos
 0001:0000F740       AnsiStrRScan
 0001:0000F788       AnsiStrScan
 0001:00005CB8       AnsiToUtf8
 0001:00015F68       AnyToIntf
 0001:0000CAEC       AppendChars
 0001:0000CEB8       AppendFormat
 0001:0000CB50       AppendNumber
 0001:0000CB30       AppendString
 0002:0000C7E4       Application
 0002:000003F0       ApplicationHandleException
 0001:0005BE60       ApplicationRestore
 0002:000003F8       ApplicationShowException
 0002:00007894       AppVisible
 0001:00007BEC       AreTheSameLeak
 0001:0005A2CC       ASMAssigned
 0002:00000EA8       AsmConst
 0001:0006A34C       ASPDotNetWebSiteFile
 0001:0005FA64       AssemblerDialogProc
 0001:00050650       AssemblerToRTF
 0001:0000EBFC       AssertErrorHandler
 0002:00008024       AssertErrorProc
 0001:00017218       AssignLongStr
 0001:000634D0       AssignOnCloseData
 0001:0005D35C       AssignPriority
 0001:0002D720       AssignValidDebugInfo
 0001:0001777C       AssignVariant
 0001:00066AA8       AttachedFile
 0001:00066D40       AttachedFiles
 0002:0000B654       AttachedFilesRequest
 0001:0006CA10       AttrToString
 0002:0000B7DC       AutoCloseTimer
 0001:0005C7F8       AutoCloseTimerProc
 0002:0000860C       avail
 0001:0000B188       BackfillGetDiskFreeSpaceEx
 0001:0008E8A4       BackgroundClipped
 0001:00010C74       BackupVarBoolFromStr
 0001:00010DD4       BackupVarBStrFromBool
 0001:00010CF4       BackupVarBStrFromCy
 0001:00010D64       BackupVarBStrFromDate
 0001:00010C08       BackupVarCyFromStr
 0001:00010B9C       BackupVarDateFromStr
 0001:00010A58       BackupVarI4FromStr
 0001:00010A04       BackupVariantChangeTypeEx
 0001:00010AC4       BackupVarR4FromStr
 0001:00010B30       BackupVarR8FromStr
 0001:000398F0       Base64Decode
 0001:00039A2C       Base64DecodeStr
 0001:00039A98       Base64DecodeString
 0001:000397A0       Base64Encode
 0001:0006664C       Base64EncodeFromFile
 0001:000399D8       Base64EncodeStr
 0001:00039A90       Base64EncodeString
 0001:00039AA0       Base64EncodeToString
 0002:0000205C       Base64Filler
 0001:0000F1F8       Beep
 0001:0001A14C       BeginGlobalLoading
 0001:00006838       BeginPaint
 0001:00003BA8       BeginThread
 0001:0007C838       BetterSize
 0001:0009EFC0       BiDiDraw
 0001:00027234       BinToStr
 0001:00006620       BitBlt
 0002:00007404       BitBtnCaptions
 0002:0000C6C4       BitBtnGlyphs
 0002:000071C8       BitmapCanvasList
 0002:0000C4E0       BitmapImageLock
 0001:00010A40       BiUnimplemented
 0002:00000434       BlockCode
 0002:000085E4       blockDescBlockList
 0002:000085E8       blockDescFreeList
 0001:000693D4       BlockingSendInternetMessage
 0002:000000C8       BlockOverFoot
 0002:000000C4       BlockOverHead
 0002:00000D90       BOMBigEndian
 0002:00000D8C       BOMUnicode
 0002:00000D94       BOMUTF8
 0002:000003C4       BooleanIdents
 0002:00000340       BooleanToStringRule
 0001:0000A990       BoolToStr
 0001:0001507C       BoolToWStrViaOS
 0002:000074C8       BorderStyles
 0001:0001910C       Bounds
 0001:00006060       Bounds
 0002:00007700       Breaks
 0002:0000C518       BrushManager
 0001:000A1794       BuildImage
 0001:00055458       BuildListPS
 0001:0005531C       BuildListTH
 0002:00007260       ButtonCaptions
 0002:00007234       ButtonNames
 0002:0000777C       Buttons
 0001:00083FA4       Buttons
 0002:00007530       ButtonStyles
 0002:00006914       ByteRegs1
 0002:00006918       ByteRegs2
 0001:000651C8       BytesPerScanline
 0001:0007C004       BytesPerScanline
 0001:00064BE0       BytesSwap
 0001:0007C368       ByteSwapColors
 0001:0000F2DC       ByteToCharIndex
 0001:0000F2B4       ByteToCharLen
 0001:0000F278       ByteType
 0001:0000F200       ByteTypeTest
 0002:0000C7CC       CachedComCtrlVer
 0002:0000B9D4       Cached_LogFile
 0001:00075388       CalcAddr
 0001:00064C10       CalcCRC
 0001:00039760       CalcDecodedSize
 0001:0005848C       CalcDuplicatedException
 0001:00039734       CalcEncodedSize
 0001:00021834       CalcJmpOffset
 0001:00098E70       CalcSplitterPos
 0001:0002E798       CalculateRelocatedAsmSize
 0001:000594A4       CallAttachedFilesRequest
 0001:00059514       CallAttachedFilesRequestEvents
 0001:00059648       CallCustomButtonClickEvent
 0001:000596B4       CallCustomButtonClickEvents
 0001:000593D4       CallCustomDataRequest
 0001:00059444       CallCustomDataRequestEvents
 0001:00059578       CallCustomWebFieldsRequest
 0001:000595E8       CallCustomWebFieldsRequestEvents
 0001:0000716C       CallerOfReallocMem
 0001:000590D8       CallExceptionActionNotify
 0001:0006D330       CallExceptionActionNotify_atSavedLogFile
 0001:0006D30C       CallExceptionActionNotify_atSavingLogFile
 0001:000681C8       CallExceptionActionNotify_atSendingEmail
 0001:00068210       CallExceptionActionNotify_atSendingWebMessage
 0001:000681EC       CallExceptionActionNotify_atSentEmail
 0001:00068234       CallExceptionActionNotify_atSentWebMessage
 0001:0006D6AC       CallExceptionActionNotify_atShowedExceptionInfo
 0001:0006D688       CallExceptionActionNotify_atShowingExceptionInfo
 0001:000644D8       CallExceptionActionNotify_atTerminating
 0001:0005924C       CallExceptionErrorNotify
 0001:0006D354       CallExceptionErrorNotify_atSavedLogFile
 0001:00068258       CallExceptionErrorNotify_atSentEmail
 0001:0006827C       CallExceptionErrorNotify_atSentWebMessage
 0001:00058EE0       CallExceptionNotify
 0001:00058F4C       CallExceptionNotifyEvents
 0002:00006934       CallForGetLogText
 0002:00006930       CallFromCOMObject
 0001:00058FB0       CallHandledExceptionNotify
 0001:0005901C       CallHandledExceptionNotifyEvents
 0001:00059450       CallModuleEvent_AttachedFilesRequest
 0001:000595F4       CallModuleEvent_CustomButtonClickNotify
 0001:00059380       CallModuleEvent_CustomDataRequest
 0001:00059520       CallModuleEvent_CustomWebFieldsRequest
 0001:00059028       CallModuleEvent_ExceptionActionNotify
 0001:000591A0       CallModuleEvent_ExceptionErrorNotify
 0001:00058E90       CallModuleEvent_ExceptionNotify
 0001:00058F58       CallModuleEvent_HandledExceptionNotify
 0001:000596C0       CallModuleEvent_PasswordRequest
 0001:00006840       CallNextHookEx
 0001:00059314       CallPasswordRequest
 0001:0005BA8C       CallStackByAddresses
 0001:0005FF7C       CallStackDialogProc
 0001:0000FE60       CallTerminateProcs
 0001:00006848       CallWindowProc
 0001:0006D6D0       CallWriteIntraWebText
 0001:00073850       Call_HookedExceptionObject
 0001:000735AC       Call_HookedRaise
 0001:0007387C       Call_HookedRtlUnwind
 0001:00064754       CalsCoordinates
 0002:0000B792       CanAttachScreenshot
 0002:0000B78D       CanAttachScreenshot_Show
 0001:0008CD48       CancelDrag
 0002:0000B793       CanCopy
 0002:0000B78E       CanCopy_Show
 0001:000780F8       CanEnableEurekaLogInPackages
 0001:0005A098       CanExit
 0002:0000B755       CanHookLibraries
 0002:00006E5C       CannotProcessMessagesExceptions
 0002:00006EA8       CannotShowDialog
 0002:0000B958       CannotUseThread
 0001:00070ED0       CanPauseThisThread
 0002:0000B78C       CanSendError_Show
 0002:0000B790       CanSendMessage
 0001:00075110       CanShowHandledExceptionEx
 0002:0000B78F       CanSupport_Show
 0002:0000C51C       CanvasList
 0002:0000C794       CanvasList
 0002:0000BA04       CaptionFontName
 0002:00007220       Captions
 0002:0000BC40       CAPTION_HEIGHT
 0002:000075FC       CaptureControl
 0002:00002060       cBase64Codec
 0002:0000201C       cBase64Codec
 0002:000076A0       cBooleanToItemAutoFlag
 0001:0005DE98       CenterOnActiveWndMonitor
 0001:0005C77C       CenterWindow
 0002:0000C6B2       CF_COMPONENT
 0002:0000C6B0       CF_PICTURE
 0002:0000B710       CGIHandleException
 0002:0000B6BC       CGIOutputFile
 0002:0000886C       ChangeAnyProc
 0001:0000AD0C       ChangeFileExt
 0001:0007761C       ChangeFinalizationOrder
 0001:00063444       ChangeLogUserEmail
 0002:000074E0       CharCases
 0001:00003D14       CharFromWChar
 0001:0000F4C0       CharLength
 0001:00006850       CharLowerBuff
 0001:000002A4       CharNext
 0001:00006858       CharNext
 0002:00005634       chars
 0001:0007A988       CharsetToIdent
 0001:0000F3C8       CharToByteIndex
 0001:0000F42C       CharToByteLen
 0001:00006860       CharToOemA
 0001:0007CDF4       CheckBool
 0001:00077FEC       CheckCrc32
 0001:000262E0       CheckDirectoryExists
 0001:0003B55C       CheckError
 0001:0002EE5C       CheckFail
 0001:000772DC       CheckForMemoryLeaks
 0001:00056C50       CheckForResult
 0001:000260B8       CheckIntoIDE
 0001:00003130       CheckJmp
 0001:00030DB0       CheckLibrary
 0001:0004F698       CheckMagicCode
 0001:00006868       CheckMenuItem
 0001:000078E8       CheckOurPointer
 0002:000076F0       Checks
 0001:0001DCC8       CheckSubComponents
 0001:000200B8       CheckSynchronize
 0001:000A4C0C       CheckTaskWindow
 0001:0008C9FC       CheckUndock
 0001:0000F0EC       CheckWin32Version
 0002:00000344       CInvalidCustomVariantType
 0002:000076A4       cItemAutoFlagToBoolean
 0002:0000769C       cItemAutoFlagToMenu
 0001:00021A84       Classes
 0001:000AF4F4       ClassIDToProgID
 0001:00019BB8       ClassNotFound
 0002:00008868       ClearAnyProc
 0001:0007A208       ClearColor
 0001:000AFEAC       ClearExcepInfo
 0001:000535AC       ClearInternalError
 0001:00016784       ClearVariantTypeList
 0002:0000BBA9       ClickLinkActive
 0001:00046CDC       ClickOnSign
 0001:00006870       ClientToScreen
 0001:00096458       ClientToWindow
 0002:000071C0       ClipboardFormats
 0001:00083E44       Clipbrd
 0001:00051A88       CloneObject
 0001:00006878       CloseClipboard
 0001:00000244       CloseHandle
 0001:000061D8       CloseHandle
 0001:00058470       CloseLogFile
 0001:000669CC       CloseSendDialog
 0001:0002DB60       closesocket
 0002:0000C5B4       CloseThemeData
 0001:000315DC       CloseZipFile
 0002:0000B718       CLXHandleException
 0002:0000B71C       CLXShowException
 0002:00008040       CmdLine
 0002:0000803C       CmdShow
 0002:00007698       cMenuAutoFlagToItem
 0001:00010A4C       CmpUnimplemented
 0002:000078A4       CoAddRefServerProcess
 0001:000179C0       CoCreateInstance
 0002:0000789C       CoCreateInstanceEx
 0002:000078B4       CoInitFlags
 0001:000179B0       CoInitialize
 0002:000078A0       CoInitializeEx
 0002:00006ED0       ColIdx
 0002:00006F40       Colors
 0001:0007A780       ColorToIdent
 0002:0000728C       ColorToPretyName
 0001:0007A770       ColorToRGB
 0002:0000BBDC       ColWidths
 0001:00006628       CombineRgn
 0002:0000C810       ComClassManagerVar
 0001:000AF168       ComConst
 0002:0000C71C       ComCtlVersion
 0001:00084348       ComCtrls
 0002:0000C7E0       CommandPool
 0001:00080890       CommCtrl
 0001:000830CC       CommDlg
 0001:0000082C       Commit
 0002:00008628       committedRoot
 0001:00065884       CommonSaveToStream
 0001:000B0174       ComObj
 0001:0005A5AC       CompareEurekaFunctions
 0001:0009D710       CompareFront
 0001:0000A20C       CompareMem
 0001:0005484C       CompareModulesFunctions
 0001:00054C14       CompareProcessesFunctions
 0001:0000A1DC       CompareStr
 0001:000061E0       CompareString
 0001:0000A22C       CompareText
 0001:0000A8B8       CompareWith
 0001:0006B7B0       CompleteIP
 0001:0003D3DC       CompleteNumber
 0001:0004FC38       CompleteStr
 0001:00042984       CompleteStr
 0001:0006CA6C       CompleteString
 0001:00024730       CompleteVersion
 0001:0001DDA8       ComponentCreated
 0001:000389D8       Compress
 0001:00032FD8       compressBound
 0001:00051534       ComputerName
 0001:00028CEC       ComputerName
 0001:00083E00       ComStrs
 0001:0002DB8C       connect
 0001:000791C4       Consts
 0001:0008079C       Contnrs
 0002:0000C752       ControlAtom
 0002:0000C758       ControlAtomString
 0001:000A99B8       ControlHasHelp
 0001:00099AF0       Controls
 0001:0000E5DC       ConvertAddr
 0001:00007454       ConvertAddress
 0001:00025968       ConvertAddress
 0001:0000CC44       ConvertEraString
 0001:0000A06C       ConvertError
 0001:0000A084       ConvertErrorFmt
 0001:00042044       ConvertNotDosText
 0001:00039FA0       ConvertSpecialHTMLChars
 0001:0000CDB0       ConvertYearString
 0001:00004EF0       CopyArray
 0001:0007D8CC       CopyBitmap
 0001:0007DF94       CopyBitmapAsMask
 0001:00006DE8       CopyMemory
 0001:0007DF30       CopyPalette
 0001:00006880       CopyRect
 0002:00007464       Copyright
 0001:000599E0       CopyStrings
 0001:000A0840       CopyToBest
 0002:000078A8       CoReleaseServerProcess
 0002:000078AC       CoResumeClassObjects
 0002:000078B0       CoSuspendClassObjects
 0001:000179D8       CoTaskMemFree
 0001:000179B8       CoUninitialize
 0001:0000832C       CountAllLeaks
 0001:0000F338       CountChars
 0002:0000C4F8       CounterLock
 0001:00060E20       CPUDialogProc
 0001:000509EC       CPUToRTF
 0002:00000348       CRangeToType
 0002:00001E08       Crc16Tab
 0001:00033130       crc32
 0002:0000B1C0       crc_table
 0002:00002008       crc_table_computed
 0001:000653E0       Create8bitBitmap
 0001:0000EB40       CreateAssertException
 0001:0000ECC8       CreateAVObject
 0001:00006630       CreateBitmap
 0001:00006638       CreateBrushIndirect
 0001:000AF520       CreateComObject
 0001:00006640       CreateCompatibleBitmap
 0001:00006648       CreateCompatibleDC
 0001:0001DE28       CreateComponent
 0001:00006F5C       CreateDialogA
 0001:0005C420       CreateDialogFonts
 0001:00006888       CreateDialogParamA
 0001:00006658       CreateDIBitmap
 0001:00006650       CreateDIBSection
 0001:0000B298       CreateDir
 0001:000061E8       CreateDirectory
 0001:000061F0       CreateEvent
 0001:0005D62C       CreateExceptionReport
 0001:000061F8       CreateFile
 0001:00006200       CreateFileA
 0001:0000024C       CreateFileA
 0001:00006208       CreateFileMapping
 0001:00006660       CreateFontA
 0001:00006668       CreateFontIndirect
 0001:00006670       CreateFontIndirectA
 0001:0006D6DC       CreateGeneralText
 0001:00006678       CreateHalftonePalette
 0001:00055FDC       CreateHTMLByLayout
 0001:00058A78       CreateHTMLFile
 0001:00006890       CreateIcon
 0001:0000EA6C       CreateInOutError
 0001:0005D9FC       CreateLeakReport
 0001:0006E798       CreateLogText
 0001:00006898       CreateMenu
 0001:000307E0       CreateMXQuery
 0001:00064FCC       CreateOctreeNode
 0001:00006680       CreatePalette
 0001:00006688       CreatePenIndirect
 0001:000068A0       CreatePopupMenu
 0001:00006210       CreateProcessA
 0001:00006690       CreateRectRgn
 0001:00006698       CreateRectRgnIndirect
 0001:000AF558       CreateRemoteComObject
 0001:000066A0       CreateSolidBrush
 0001:0007C3C0       CreateSystemPalette
 0001:000563B4       CreateTemplateFile
 0001:00006218       CreateThread
 0001:000002AC       CreateThread
 0001:0005DBA4       CreateThreadStr
 0001:00067CB4       CreateTmpLogFile
 0001:000520C8       CreateVirtualFile
 0001:00006F04       CreateWindow
 0001:00006EAC       CreateWindowEx
 0001:00058B44       CreateXMLLogCopy
 0001:000682A0       CreateZIPFile
 0001:00031384       CreateZipFile
 0001:000767A4       Create_EurekaLogUnitsList
 0002:0000753C       CreationControl
 0002:00007218       CreationControl
 0002:000003B0       CRelationshipToBoolean
 0002:0000032C       CResult
 0002:00000D68       CriticalError
 0002:00006E80       CriticalExceptObject
 0002:000078CC       CServerData
 0002:00000154       cSimpleBoolStrs
 0002:0000035C       CText
 0002:00007638       Ctl3DStyles
 0002:00008620       curAlloc
 0002:000086DC       CurrencyDecimals
 0002:000086D8       CurrencyFormat
 0002:000086D4       CurrencyString
 0002:0000B744       CurrentAsmErrorLine
 0002:0000B74C       CurrentAsmErrorText
 0002:0000B750       CurrentCPUErrorText
 0002:0000B7E0       CurrentDialog
 0001:000753FC       CurrentEurekaLogOptions
 0002:0000B748       CurrentGeneralErrorText
 0002:0000B6B8       CurrentOptions
 0002:0000B7F8       CurrentProcessWindowsList
 0002:00006E6C       CurrentStackList
 0001:0000CAD8       CurrentYear
 0001:0000C440       CurrToStr
 0001:0001500C       CurrToWStrViaOS
 0002:00007818       CursorMap
 0002:0000754C       Cursors
 0001:0008B5E8       CursorToIdent
 0002:00007808       cUseAlpha
 0002:00007810       cUseColorKey
 0002:0000B65C       CustomButtonClickNotify
 0002:0000B650       CustomDataRequest
 0002:0000B77C       CustomExceptMessage
 0001:00077370       CustomHandler
 0002:00006940       CustomSmtpHeloCommand
 0002:0000B658       CustomWebFieldsRequest
 0002:0000B5C4       CV
 0001:0000A5DC       CvtInt
 0001:0000A648       CvtInt64
 0002:00000194       CWNear
 0001:0000CA28       Date
 0002:000086DD       DateSeparator
 0001:0000D71C       DateTimeToStr
 0001:00024CA8       DateTimeToStrFixed
 0001:0000D690       DateTimeToString
 0001:0000C594       DateTimeToTimeStamp
 0001:0000D6EC       DateToStr
 0001:00015044       DateToWStrViaOS
 0001:0000CA00       DayOfWeek
 0002:0000B7F4       DbgSection
 0002:00000190       DCon10
 0002:00006F3C       DDBsOnly
 0001:000219AC       DeallocateHWnd
 0002:0000002C       DebugHook
 0002:0000B934       DebugHook_Assigned
 0001:00069894       DebugToStr
 0002:000086DB       DecimalSeparator
 0001:0000C970       DecodeDate
 0001:0000C820       DecodeDateFully
 0001:0002ABC4       DecodeNameString
 0001:0000C688       DecodeTime
 0001:000008EC       Decommit
 0001:00001018       DecommitFree
 0002:000085FC       decommittedRoot
 0001:0003962C       Decrypt
 0001:000A7638       Default
 0001:000ACD50       Default
 0002:00000024       Default8087CW
 0002:00007540       DefaultDockTreeClass
 0002:00000038       DefaultTextLineBreakStyle
 0002:000085C0       DefaultUserCodePage
 0002:00007190       DefBrushData
 0002:00006F10       DefFontData
 0001:000068A8       DefFrameProc
 0001:00033F68       deflate
 0001:0003422C       deflateEnd
 0001:0003397C       deflateInit_
 0002:00000220       DefLongDayNames
 0002:000001D4       DefLongMonthNames
 0001:000068B0       DefMDIChildProc
 0002:00007170       DefPenData
 0002:00000204       DefShortDayNames
 0002:000001A4       DefShortMonthNames
 0001:000068B8       DefWindowProc
 0001:000068C0       DefWindowProcA
 0001:00005168       DelayLoadResourceModule
 0001:00000508       DeleteBlock
 0001:00006220       DeleteCriticalSection
 0001:00000418       DeleteCriticalSection
 0001:000066A8       DeleteDC
 0001:0006840C       DeleteExtraFiles
 0001:00006228       DeleteFile
 0001:0000AC6C       DeleteFile
 0001:00006230       DeleteFileA
 0001:000547D8       DeleteFileEx
 0001:00000E00       DeleteFree
 0001:000068C8       DeleteMenu
 0001:000066B0       DeleteObject
 0001:00064ED8       DeleteTree
 0001:00052234       DeleteVirtualFile
 0002:00006EF0       DeniedChars
 0001:0007D488       DeselectBitmap
 0001:000068D0       DestroyCursor
 0001:0005C668       DestroyDialogFonts
 0001:000068D8       DestroyIcon
 0001:00083ED4       DestroyLocals
 0001:000068E0       DestroyMenu
 0001:000068E8       DestroyWindow
 0002:0000BC1C       DetailsActive
 0001:0005E498       DetailsState
 0001:000068F0       DialogBoxParamA
 0001:00088FAC       DialogEnumerationTester
 0002:0000BC28       DialogHeight
 0001:0008373C       Dialogs
 0002:0000B944       DialogType
 0002:000071CC       DIBPalSizes
 0002:00000094       dig
 0002:00000D6C       Digits
 0001:00056390       DirectoryExists
 0001:00008E38       DisableMemoryLeaksCheck
 0001:000A4A48       DisableTaskWindows
 0001:000AF8C0       DispatchInvoke
 0001:000AFEA0       DispatchInvokeError
 0001:000068F8       DispatchMessage
 0001:000AAC98       DispatchShortCut
 0001:000AFEBC       DispCall
 0001:000AFFA0       DispCallByID
 0002:00008000       DispCallByIDProc
 0001:000AFDCC       DispCallError
 0001:0000A050       DivMod
 0001:00083104       Dlgs
 0001:0005C0D8       DlgTemplate
 0002:00008918       DllList
 0001:000911CC       DoAlign
 0001:000ABFC8       DoAlign
 0001:00095280       DoCalcConstraints
 0002:0000C788       DockSiteList
 0001:000A1460       DoClick
 0001:00092910       DoControlMsg
 0001:000A49F8       DoDisableWindow
 0001:0008C328       DoDragOver
 0001:0000A0C8       DoExitProc
 0001:00097144       DoFindControlZone
 0001:000A4B4C       DoFindWindow
 0001:000976D0       DoFindZone
 0001:000971C8       DoForEach
 0001:00098AD4       DoGetNextLimit
 0001:00078958       Done
 0001:00009024       Done
 0001:00030C40       Done
 0001:0002F350       Done
 0001:00029030       Done
 0001:000A49C0       DoneApplication
 0001:00076474       DoneCheckFreeze
 0001:00099834       DoneControls
 0002:0000B70C       DoneExcept
 0001:000775D0       DoneExceptAddr
 0001:0000EFFC       DoneExceptions
 0001:0003AFE0       DoneLib
 0001:00008BC4       DoneShareMem
 0001:000A9014       DoNestedActivation
 0001:00020054       DoneThreadSynchronization
 0001:000AE06C       DoOnHelp
 0001:000ABE18       DoPosition
 0001:00090D8C       DoPosition
 0001:000980FC       DoPrune
 0001:000985D4       DoSaveZone
 0001:000987D8       DoSetNewBounds
 0001:00024FEC       DotNetHostedFile
 0001:0006A3A4       DotNetHostedFileHandle
 0001:0006A358       DotNetMainFile
 0002:00006E90       DotNetMetadataFile
 0002:00006EB0       Dots
 0002:000003CC       DotSep
 0001:0009BD70       DoWrite
 0001:0007D04C       DoWrite
 0001:0001B024       DoWrite
 0001:00091EF8       DoWriteDesignSize
 0001:0008F9A4       DoWriteIsControl
 0002:0000C76C       DragCapture
 0002:0000C760       DragControl
 0001:0008CA70       DragDone
 0001:0008C2D8       DragFindTarget
 0001:0008C2AC       DragFindWindow
 0002:0000C784       DragImageList
 0001:0008C6C8       DragInit
 0001:0008C838       DragInitControl
 0002:0000C768       DragInternalObject
 0001:0008C1F4       DragMessage
 0002:0000C764       DragObject
 0002:0000C790       DragSave
 0002:0000C778       DragSaveCursor
 0002:0000C770       DragStartPos
 0002:0000C77C       DragThreshold
 0001:0008C3F8       DragTo
 0001:000ACD8C       DrawAppIcon
 0001:000464A0       DrawBmp
 0001:0004704C       DrawBottom
 0001:00063398       DrawButton
 0001:0006322C       DrawClickHere
 0001:00097C68       DrawCloseButton
 0001:000631A4       DrawControl
 0001:00006900       DrawEdge
 0001:00046FD8       DrawFrame
 0001:00006908       DrawFrameControl
 0001:00097CC0       DrawGrabberLine
 0001:00006910       DrawIcon
 0001:00006918       DrawIconEx
 0002:00007674       DrawingStyles
 0001:000470F4       DrawItem
 0001:000470A0       DrawLine
 0001:00006920       DrawMenuBar
 0001:000A27D0       DrawMenuItem
 0001:000613DC       DrawSupportLink
 0001:00006928       DrawText
 0001:00006930       DrawTextA
 0002:0000C5B8       DrawThemeBackground
 0002:0000C5DC       DrawThemeEdge
 0002:0000C5E0       DrawThemeIcon
 0002:0000C664       DrawThemeParentBackground
 0002:0000C5BC       DrawThemeText
 0001:0007BE84       DupBits
 0002:0000B794       DuplicatedException
 0001:00006238       DuplicateHandle
 0001:00004F08       DynArrayClear
 0001:00004F10       DynArraySetLength
 0001:00039B08       EBase64
 0001:0002448C       EConsts
 0001:000290A8       ECore
 0001:0002D880       EDebug
 0002:00007760       EdgeStyle
 0002:00007628       EdgeStyles
 0001:0004EABC       EDisAsm
 0001:0003972C       EEncrypt
 0001:000393CC       EHash
 0001:0000EA40       EHeapException.FreeInstance
 0001:0002F464       EHook
 0001:00042614       ElaborateString
 0001:0003B81C       ElaborateURL
 0001:0003B984       ElaborateWebPage
 0001:0002F574       ELang
 0001:000090E4       ELeaks
 0001:000476BC       EListView
 0001:000463C8       ELogManager
 0002:000074FC       Empty
 0001:00006938       EmptyClipboard
 0002:00008854       EmptyParam
 0002:000000D8       EmptyStr
 0002:000000DC       EmptyWideStr
 0002:00000468       EMsgs
 0001:00008CAC       EnableMemoryLeaksCheck
 0001:00006940       EnableMenuItem
 0002:000076F8       Enables
 0001:00006948       EnableScrollBar
 0001:000A4AFC       EnableTaskWindows
 0002:0000C64C       EnableThemeDialogTexture
 0002:0000C668       EnableTheming
 0001:00006950       EnableWindow
 0001:00064DC8       Encode
 0001:0000C7F0       EncodeDate
 0002:00005610       EncodedChars
 0001:0000C648       EncodeTime
 0001:00067E18       EncodeURL
 0001:00006958       EndDialog
 0001:0001A1D4       EndGlobalLoading
 0001:00006960       EndPaint
 0001:00003BEC       EndThread
 0001:00006240       EnterCriticalSection
 0001:00000408       EnterCriticalSection
 0001:00006248       EnumCalendarInfoA
 0002:0000C54C       EnumDisplayMonitors
 0001:0000E250       EnumEraNames
 0001:0000E28C       EnumEraYearOffsets
 0001:000A7BFC       EnumMonitorsProc
 0001:00006250       EnumSystemLocalesA
 0001:00006968       EnumThreadWindows
 0001:0001D5D8       EnumValue
 0001:00006970       EnumWindows
 0001:00053AC4       EnumWindowsProc
 0001:000538F8       EnumWindowsProc
 0001:000539B0       EnumWindowsProc
 0001:00053854       EnumWindowsProc
 0001:0002A0E8       Eof
 0002:00005630       EOFLine
 0001:000AF3FC       EOleException.Create
 0001:000AF32C       EOleSysError.Create
 0001:00006978       EqualRect
 0002:000087A4       EraNames
 0001:0000D9A8       EraToYear
 0002:000087C0       EraYearOffsets
 0002:0000006C       errCaption
 0001:0001CDBC       Error
 0001:00008A8C       Error
 0001:0009D460       Error
 0001:00065CD8       Error
 0001:0001975C       Error
 0001:00001CA8       Error
 0002:00000004       ErrorAddr
 0001:00001C5C       ErrorAt
 0001:0000EAEC       ErrorHandler
 0002:0000023C       ErrorMap
 0002:00008008       ErrorProc
 0002:000083E8       ErrOutput
 0002:00000C40       EShowOptions
 0001:00030CA0       ESockets
 0001:00021B48       ETypes
 0002:00000460       EurekaLogCurrentVersion
 0002:0000B7B0       EurekaLogList
 0001:000665A4       EurekaLogSendEmail
 0002:00006944       EurekaLogUnits
 0002:0000B7D4       EurekaLogUnitsList
 0001:00059EAC       EurekaLog_AttachedFilesRequestEvent
 0001:00073F3C       EurekaLog_CallCreateThread
 0001:000736BC       EurekaLog_CallExceptObject
 0001:00074080       EurekaLog_CallExitThread
 0001:00073538       EurekaLog_CallGeneralRaise
 0001:00073FDC       EurekaLog_CallResumeThread
 0001:00059FF4       EurekaLog_CustomButtonClickEvent
 0001:00059E08       EurekaLog_CustomDataRequestEventEx
 0001:00059F50       EurekaLog_CustomWebFieldsRequestEvent
 0001:00059CC0       EurekaLog_ExceptionActionNotifyEvent
 0001:00059D64       EurekaLog_ExceptionErrorNotifyEvent
 0001:00059B78       EurekaLog_ExceptionNotifyEvent
 0001:00059C1C       EurekaLog_HandledExceptionNotifyEvent
 0001:00073F34       EurekaLog_LastDelphiException
 0001:00059A64       EurekaLog_PasswordRequestEvent
 0001:00059AA8       EurekaLog_PasswordRequestEventEx
 0002:000009C8       EVals
 0002:00000D00       EVariablesOptions
 0001:00041950       EWebTools
 0001:0002DE04       EWinSock
 0001:00001BD0       ExceptAddr
 0002:0000800C       ExceptClsProc
 0001:0000EF68       ExceptHandler
 0001:0000E86C       Exception.Create
 0001:0000E8A8       Exception.CreateFmt
 0001:0000E9F8       Exception.CreateHelp
 0001:0000E928       Exception.CreateRes
 0001:0000E964       Exception.CreateResFmt
 0002:0000B644       ExceptionActionNotify
 0002:0000801C       ExceptionClass
 0002:0000B68C       ExceptionCriticalSection
 0001:0000E5E8       ExceptionErrorMessage
 0002:0000B648       ExceptionErrorNotify
 0001:00052B48       ExceptionLine
 0001:00078EB4       ExceptionLog
 0001:00075728       ExceptionManager
 0002:0000B63C       ExceptionNotify
 0002:0000B6C4       ExceptionNumber
 0002:0000B7E8       ExceptionsTime
 0002:0000B7EC       ExceptionTime
 0001:0005691C       ExceptionTypeByAddr
 0002:00000274       ExceptMap
 0001:00072B88       ExceptNotify
 0001:000696BC       ExceptNotifyAfter1
 0001:000697B8       ExceptNotifyAfter2
 0001:000697CC       ExceptNotifyAfter3
 0001:00001BB0       ExceptObject
 0002:00008010       ExceptObjProc
 0002:00008004       ExceptProc
 0001:000066B8       ExcludeClipRect
 0001:00026254       ExcludeLastBackslash
 0002:00000000       ExitCode
 0001:0000399C       ExitDll
 0002:00008048       ExitProc
 0001:000002BC       ExitProcess
 0002:00008028       ExitProcessProc
 0002:00000150       ExitProcList
 0001:000002B4       ExitThread
 0001:00006258       ExitThread
 0001:00041EF8       EXMLBuilder
 0001:00024F00       ExpandEnvVars
 0001:0000AEE8       ExpandFileName
 0001:0005A678       ExportedFunctions
 0001:00084190       ExtActns
 0001:00083DA0       ExtCtrls
 0001:00083FFC       ExtDlgs
 0001:00057F80       ExtractDebugData
 0001:0000ADD4       ExtractFileDrive
 0001:0000AEA0       ExtractFileExt
 0001:0000AE68       ExtractFileName
 0001:000070F8       ExtractFileName
 0001:0000ADA0       ExtractFilePath
 0001:0000AF24       ExtractFilePathNoDrive
 0001:00075C14       ExtractGZipStream
 0001:000249A4       ExtractList
 0001:0000AFB8       ExtractRelativePath
 0001:00057A60       ExtractStr
 0001:00025E3C       ExtractStringsEx
 0001:0005D444       ExtractThreadByList
 0001:00043D14       ExtractValue
 0001:00039C5C       EZip
 0001:000388C8       EZlib2
 0002:0000B9E0       fActive
 0002:00006EA4       fActivePage
 0002:000087E0       FalseBoolStrs
 0002:0000B9FC       fBigFont
 0002:0000B9E4       fCaptionFont
 0002:0000C6B8       FClipboard
 0002:00000184       FCon1E18
 0002:0000B9D8       fDlgBack
 0001:0006CDDC       FetchStr
 0002:0000B9EC       fFixedFont1
 0002:0000B9F0       fFixedFont2
 0001:0000AAF8       FileAge
 0001:0000AAF0       FileClose
 0001:0000AA58       FileCreate
 0001:0000AA34       FileCreate
 0001:0000B208       FileDateToDateTime
 0001:0000AB60       FileExists
 0002:000071C4       FileFormats
 0002:0000000C       FileMode
 0001:00002184       FileNOPProc
 0001:0000A9DC       FileOpen
 0001:0000AA60       FileRead
 0002:00000408       FilerSignature
 0001:0000AAB8       FileSeek
 0001:00006260       FileTimeToDosDateTime
 0001:00006268       FileTimeToLocalFileTime
 0001:0000AA8C       FileWrite
 0001:00000F38       FillAfterGap
 0001:00058CD0       FillAttachedList
 0001:00000ED8       FillBeforeGap
 0001:00000FD8       FillerSizeAfterGap
 0001:00000F60       FillerSizeBeforeGap
 0001:00006980       FillRect
 0001:00054CD0       FillThreadsCount
 0001:00029034       Finalization
 0001:00079194       Finalization
 0001:0002D7E4       Finalization
 0001:00078CF8       Finalization
 0001:000090AC       Finalization
 0001:000093F8       Finalization
 0001:0002D890       Finalization
 0001:000107AC       Finalization
 0001:000109AC       Finalization
 0001:0002DDD4       Finalization
 0001:0000706C       Finalization
 0001:000396FC       Finalization
 0001:00006004       Finalization
 0001:00084198       Finalization
 0001:0003939C       Finalization
 0001:00084140       Finalization
 0001:000B0B30       Finalization
 0001:000840E8       Finalization
 0001:00084084       Finalization
 0001:0008076C       Finalization
 0001:0008401C       Finalization
 0001:000B0AF8       Finalization
 0001:000B0AAC       Finalization
 0001:00038898       Finalization
 0001:0002F410       Finalization
 0001:00083FCC       Finalization
 0001:00083F6C       Finalization
 0001:00005DD4       Finalization
 0001:000802D4       Finalization
 0001:0002F544       Finalization
 0001:000B01D4       Finalization
 0001:000178F8       Finalization
 0001:00030C48       Finalization
 0001:000B00F4       Finalization
 0001:00017A04       Finalization
 0001:000111A0       Finalization
 0001:00083E08       Finalization
 0001:000B0EC8       Finalization
 0001:000830D4       Finalization
 0001:00099A88       Finalization
 0001:00082EDC       Finalization
 0001:00080860       Finalization
 0001:0009ADB8       Finalization
 0001:00084D10       Finalization
 0001:00082F4C       Finalization
 0001:0009C4C0       Finalization
 0001:00082F84       Finalization
 0001:00082FBC       Finalization
 0001:000842D0       Finalization
 0001:000AF138       Finalization
 0001:00082FF4       Finalization
 0001:00039AD8       Finalization
 0001:000AF070       Finalization
 0001:00039C2C       Finalization
 0001:0008302C       Finalization
 0001:00080FE0       Finalization
 0001:00081020       Finalization
 0001:00089224       Finalization
 0001:000836E0       Finalization
 0001:00083064       Finalization
 0001:00082008       Finalization
 0001:00016DEC       Finalization
 0001:00082558       Finalization
 0001:00088438       Finalization
 0001:000B116C       Finalization
 0001:000823AC       Finalization
 0001:00016BD0       Finalization
 0001:00083DD0       Finalization
 0001:00041900       Finalization
 0001:000804B4       Finalization
 0001:00082050       Finalization
 0001:000A2AB0       Finalization
 0001:00082088       Finalization
 0001:000885A0       Finalization
 0001:000B11A4       Finalization
 0001:00041EC8       Finalization
 0001:0004638C       Finalization
 0001:0008309C       Finalization
 0001:00024408       Finalization
 0001:00021B18       Finalization
 0001:0004EA20       Finalization
 0001:00083E9C       Finalization
 0001:00083D58       Finalization
 0001:000219D4       Finalization
 0001:0004768C       Finalization
 0001:0000607C       Finalization
 0002:00008684       FinalizationProc
 0001:00004F00       FinalizeArray
 0001:000037B0       FinalizeUnits
 0001:000A1220       Find
 0001:00056FDC       FindBetterMatch
 0001:000051F8       FindBS
 0001:00019C78       FindClass
 0001:00005160       FindClassHInstance
 0001:00006270       FindClose
 0001:000002CC       FindClose
 0001:0000AC50       FindClose
 0001:00000E94       FindCommitted
 0001:0008B3C8       FindControl
 0001:000978FC       FindControlAtPos
 0001:00016AE0       FindCustomVariantType
 0001:00016A28       FindCustomVariantType
 0001:0008CD94       FindDragTarget
 0001:00067C34       FindEOFLine
 0001:0003B3F4       FindErrorMessage
 0001:0006D62C       FindException
 0001:0001DFD8       FindExistingComponent
 0001:0000ABDC       FindFirst
 0001:00006278       FindFirstFile
 0001:000002D4       FindFirstFile
 0001:00006280       FindFirstFileA
 0001:00054F94       FindFullPath
 0001:00057E70       FindFunction
 0001:0001A064       FindGlobalComponent
 0001:000A4C58       FindGlobalComponent
 0002:000088B8       FindGlobalComponentProcs
 0001:0004F6AC       FindHandled
 0001:00005138       FindHInstance
 0001:00019F0C       FindIdentToInt
 0001:00007CE0       FindLeakAddress
 0001:00007F44       FindLeakClassName
 0001:00007C10       FindLeakSons
 0001:00077ED8       FindMainInstance
 0001:0000AB70       FindMatchingFile
 0001:00053F8C       FindModuleType
 0002:0000C6A4       FindMsg
 0001:0001D168       FindNestedComponent
 0001:0000AC2C       FindNext
 0001:00006288       FindNextFile
 0001:00007B5C       FindNextValidLeak
 0001:0002A260       FindParam
 0001:0009D428       FindPopupControl
 0001:00010E68       FindProc
 0001:0002D9F0       FindProc
 0001:00054C1C       FindProcess
 0001:00006290       FindResource
 0001:00006298       FindResourceA
 0001:000051B0       FindResourceHInstance
 0001:000AE8A0       FindScanline
 0001:0003AB50       FindSelected
 0001:000A4BB0       FindTopMostWindow
 0001:0001EEBC       FindUniqueName
 0001:0008CD60       FindVCLWindow
 0001:00006988       FindWindow
 0001:00089004       FindWinHelp
 0001:0004F664       FirstProc
 0002:0000BA08       FixedFontName1
 0002:0000BA0C       FixedFontName2
 0002:0000BA00       FixedFontSize
 0002:0000BC44       FixedTmpOptionsFile
 0001:0007D880       FixupBitFields
 0002:00007770       Flags
 0002:000087F0       FLanguages
 0001:000823DC       FlatSB
 0002:0000C578       FlatSB_EnableScrollBar
 0002:0000C584       FlatSB_GetScrollInfo
 0002:0000C588       FlatSB_GetScrollPos
 0002:0000C580       FlatSB_GetScrollRange
 0002:0000C590       FlatSB_SetScrollInfo
 0002:0000C58C       FlatSB_SetScrollPos
 0001:000820CC       FlatSB_SetScrollProp
 0002:0000C594       FlatSB_SetScrollRange
 0002:0000C57C       FlatSB_ShowScrollBar
 0002:0000B9F4       fLinkFont
 0002:0000B9F8       fLinkFont2
 0002:0000BB84       fListViewItems
 0002:00006014       FloatingPointOpcodes
 0001:0000C0D0       FloatToDecimal
 0001:0000C410       FloatToStr
 0001:0000BB08       FloatToText
 0001:0000BDDC       FloatToTextFmt
 0001:000023E8       Flush
 0001:000062A0       FlushInstructionCache
 0002:0000B9DC       fMemoBack
 0002:0000BB64       fMonitor
 0002:0000BB6C       fMonitorInfo
 0002:00000198       FMSecsPerDay
 0001:0000B9FC       FmtStr
 0002:0000778C       FocusCount
 0002:00007788       FocusMessages
 0002:000070E0       FontCharsets
 0002:0000C510       FontManager
 0001:00075674       ForceApplicationTermination
 0001:00026304       ForceDirectoriesEx
 0001:00078C40       ForceUseConstant
 0001:000A4C2C       ForegroundTask
 0002:0000C830       Form1
 0001:0000B9E8       Format
 0002:000001A0       Format
 0001:0000B5D8       FormatBuf
 0001:0000B5CC       FormatClearStr
 0001:0006D24C       FormatComplete
 0001:0000D730       FormatDateTime
 0001:0000B550       FormatError
 0002:0000017C       FormatErrorStrs
 0001:0000C470       FormatFloat
 0001:000062A8       FormatMessage
 0001:0002D1A0       FormatProcName
 0001:0000B5A8       FormatVarToStr
 0001:000AF0CC       Forms
 0001:00002860       FPower10
 0002:00007214       FPrinter
 0001:00006990       FrameRect
 0001:000082EC       FreeAllLeaks
 0001:0001038C       FreeAndNil
 0001:00051ABC       FreeClonedObject
 0001:00000B94       FreeCommitted
 0001:000011CC       FreeCurAlloc
 0001:0008CE54       FreeDeviceContext
 0001:0008CF10       FreeDeviceContexts
 0001:000217A0       FreeIntConstList
 0001:000062B0       FreeLibrary
 0001:000002DC       FreeLibrary
 0001:0007D3DC       FreeMemoryContexts
 0001:000218D4       FreeObjectInstance
 0001:000527F4       FreeOutOfMemoryCache
 0001:000062D0       FreeResource
 0001:00065C9C       FreeScreenshot
 0001:00000764       FreeSpace
 0001:0000FE8C       FreeTerminateProcs
 0001:00082590       FreeThemeLibrary
 0002:0000B758       FreezeThread
 0002:0000C718       FRichEditModule
 0002:0000BB68       fSendBmp
 0002:0000B618       FtpOpenFile
 0001:00041338       FTPUploadFiles
 0002:0000B9E8       fVariableFont
 0001:0007BE74       GDICheck
 0001:0007BDCC       GDIError
 0001:00060C18       GeneralDialogProc
 0001:00073318       GeneralRaise
 0001:000501EC       GeneralToRTF
 0001:00068DC8       GenerateCustomWebFieldsString
 0001:0005626C       GenerateHTML
 0001:0003C1AC       GenerateMultipartBoundary
 0001:0004077C       GenerateMultipartBoundary
 0001:000408B8       GenerateRequestBody
 0001:0003C27C       GenerateRequestBody
 0001:00002090       Get8087CW
 0001:000062D8       GetACP
 0001:0006ABE8       GetActiveControlClass
 0001:0006AC00       GetActiveControlText
 0001:0006AB08       GetActiveFormClass
 0001:0006AB54       GetActiveFormText
 0001:0005DC14       GetActiveMonitorData
 0001:000179E8       GetActiveObject
 0001:00006998       GetActiveWindow
 0001:0006B8F4       GetAdapterInfo
 0001:00054C9C       GetAllocatedMemory
 0001:00057E50       GetAndSetFunctionSize
 0001:000AC4A4       GetAnimation
 0001:0006B45C       GetApplicationName
 0001:00053A28       GetApplicationRect
 0001:0006AAE8       GetApplicationUpTime
 0001:0002E578       GetAsmSize
 0001:0005BED4       GetBaseOfStack
 0001:000066C0       GetBitmapBits
 0001:00000420       GetBlockDesc
 0001:00063310       GetBottonWidth
 0001:000066C8       GetBrushOrgEx
 0001:00006E6C       GetBValue
 0001:0005BDB0       GetCallStackByAddresses
 0001:00052834       GetCallStackDump
 0001:000069A0       GetCapture
 0001:0008B690       GetCaptureControl
 0001:00019C24       GetClass
 0001:000069A8       GetClassInfo
 0001:000069B0       GetClassName
 0001:000069B8       GetClassNameA
 0001:000069C0       GetClientRect
 0001:000066D0       GetClipBox
 0001:000003BC       GetCmdShow
 0001:0009AF88       GetColor
 0001:0004750C       GetColumnAlign
 0001:000474E0       GetColumnCount
 0001:00084270       GetComCtlVersion
 0001:000062E8       GetCommandLine
 0001:000002E4       GetCommandLine
 0001:000009A8       GetCommitted
 0001:00000A50       GetCommittedAt
 0001:0006CC84       GetCompanyName
 0001:0006AA80       GetCompilationDate
 0001:0004FCC0       GetCompleteTimeStr
 0001:000062F0       GetComputerName
 0001:000062F8       GetComputerNameA
 0001:000924C4       GetControlAtPos
 0001:00072604       GetControlClass
 0001:00072660       GetControlText
 0001:0000CB9C       GetCount
 0001:000062E0       GetCPInfo
 0001:00038974       GetCRC16
 0001:0003892C       GetCRC32
 0001:0000B274       GetCurrentDir
 0001:000002EC       GetCurrentDirectory
 0001:000066D8       GetCurrentObject
 0001:000066E0       GetCurrentPositionEx
 0001:0006CF78       GetCurrentPrinterHandle
 0001:00006300       GetCurrentProcess
 0001:00006308       GetCurrentProcessId
 0001:0005BEDC       GetCurrentStackPointer
 0001:00075720       GetCurrentStackPointer
 0002:0000C65C       GetCurrentThemeName
 0001:00006310       GetCurrentThread
 0001:000003AC       GetCurrentThreadId
 0001:00006318       GetCurrentThreadId
 0001:00006DE0       GetCurrentTime
 0001:00051ADC       GetCurrentTopOfStack
 0001:0006CAAC       GetCurrentUserPrivileges
 0001:000069C8       GetCursor
 0001:000AE8B0       GetCursorHeightMargin
 0001:000069D0       GetCursorPos
 0001:00007A34       GetDataCaller
 0001:0000CBCC       GetDate
 0001:00006320       GetDateFormat
 0001:0000D8C0       GetDateOrder
 0001:000069D8       GetDC
 0001:000069E0       GetDCEx
 0001:000066E8       GetDCOrgEx
 0001:0005B60C       GetDebugDetail
 0001:00069934       GetDebugInfoEx
 0001:00058278       GetDebugInfosByAddr
 0001:00057C3C       GetDebugPartialInfo
 0001:0006CE90       GetDefaultPrinter
 0001:0007FEDC       GetDefFontCharSet
 0001:000069E8       GetDesktopWindow
 0001:00006700       GetDeviceCaps
 0001:00061028       GetDialogState
 0001:0007CDDC       GetDIB
 0001:000066F0       GetDIBColorTable
 0001:000066F8       GetDIBits
 0001:0007CD24       GetDIBSizes
 0001:0007BFE4       GetDInColors
 0001:00006328       GetDiskFreeSpaceA
 0002:0000014C       GetDiskFreeSpaceEx
 0001:0006B20C       GetDiskInfo
 0001:0006C9B8       GetDisplayDPI
 0001:0006B710       GetDisplayMode
 0001:000069F0       GetDlgItem
 0001:000303D0       GetDNSList
 0001:00098BB4       GetDockAlign
 0001:0008C038       GetDockSiteAtPos
 0001:0003059C       GetDomain
 0001:00030708       GetDomainName
 0001:0008C364       GetDropCtl
 0001:0006E454       GetDump
 0001:00002EF0       GetDynaMethod
 0001:0006E2D4       GetEAX
 0001:0006E304       GetEBX
 0001:0006E334       GetECX
 0001:0006E3C4       GetEDI
 0001:0005CE9C       GetEditText
 0001:0006E364       GetEDX
 0001:0005A2C4       GetEF
 0001:0004D414       GetEffectiveAddress
 0001:0006E424       GetEIP
 0001:0006E6A4       GetEmptySection
 0001:00016E5C       GetEnumName
 0001:00016F34       GetEnumNameValue
 0001:00016F80       GetEnumValue
 0001:00006330       GetEnvironmentVariableA
 0001:00024DC4       GetEnvVariable
 0001:0000E304       GetEraNamesAndYearOffsets
 0001:0000D954       GetEraYearOffset
 0001:000179F0       GetErrorInfo
 0001:0006E394       GetESI
 0001:0006E3F4       GetESP
 0001:00052824       GetESP
 0001:0002515C       GetEurekaLogDir
 0001:0005ABC8       GetEurekaLogModuleVersion
 0001:0006ADFC       GetExceptionAddress
 0001:0000ECB0       GetExceptionClass
 0001:0006ADE4       GetExceptionDate
 0001:0006A848       GetExceptionMessage
 0001:0006AE30       GetExceptionModuleName
 0001:0006AF14       GetExceptionModuleVersion
 0001:0000EE9C       GetExceptionObject
 0001:0006AF98       GetExceptionType
 0001:0005BFE8       GetExceptMessage
 0001:00006338       GetExitCodeProcess
 0001:00006340       GetExitCodeThread
 0001:00019BAC       GetFieldClassTable
 0001:0003A3F0       GetFieldValue
 0001:00006348       GetFileAttributes
 0001:00006350       GetFileAttributesA
 0001:0003B388       GetFileContents
 0001:0004084C       GetFileContents
 0001:000313DC       GetFileSize
 0001:000547A4       GetFileSize
 0001:0000025C       GetFileSize
 0001:000412FC       GetFileSize
 0001:00000254       GetFileType
 0001:0000F10C       GetFileVersion
 0001:0006BE5C       GetFileVersionEx
 0001:000065F0       GetFileVersionInfo
 0001:000065F8       GetFileVersionInfoA
 0001:00006600       GetFileVersionInfoSize
 0001:00006608       GetFileVersionInfoSizeA
 0001:000069F8       GetFocus
 0001:00025014       GetFolder
 0001:0007A9A8       GetFontData
 0001:00006A00       GetForegroundWindow
 0001:0000FA34       GetFormatSettings
 0001:000074E0       GetFramesCallStackDump
 0001:0006B304       GetFreeDisk
 0001:0006B18C       GetFreeMemory
 0001:00006358       GetFullPathName
 0001:00069C24       GetFunctionAsm
 0001:0002E6CC       GetFunctionSize
 0001:00026070       GetGMT
 0001:00006E68       GetGValue
 0001:00006360       GetHandleInformation
 0001:00079EF0       GetHashCode
 0001:000A99F0       GetHelpInfo
 0001:000814A0       GetHelpSystem
 0001:000AC288       GetHint
 0001:000AC2C0       GetHintControl
 0001:0002DCB0       gethostbyname
 0001:0002DCEC       gethostname
 0001:000A2950       GetHotkey
 0001:0003BA94       GetHTTPResponse
 0001:00040B88       GetHTTPResponse
 0001:00006A08       GetIconInfo
 0001:000AFC38       GetIDsOfNames
 0001:0002D4D8       GetImageNtHeaders
 0001:0006C050       GetIndexKeyName
 0001:0006CE30       GetIniDefPrinter
 0001:00072FEC       GetIntraWebExceptionType
 0001:00046478       GetItemRect
 0001:0005FF30       GetItemText
 0001:00006A20       GetKeyboardLayout
 0001:00006A28       GetKeyboardLayoutList
 0001:00006A30       GetKeyboardState
 0001:00002B4C       GetKeyboardType
 0001:00006A10       GetKeyNameText
 0001:00006A18       GetKeyState
 0001:0006AD98       GetLanguageString
 0001:00006A38       GetLastActivePopup
 0001:00096E7C       GetLastChildZone
 0001:000002F4       GetLastError
 0001:00006368       GetLastError
 0001:00007C80       GetLeakCount
 0001:0003AD64       GetListDefault
 0001:0003A9DC       GetListValue
 0001:0000E0C8       GetLocaleChar
 0001:0006AC6C       GetLocaleDataA
 0001:0006AC2C       GetLocaleDataW
 0001:000002FC       GetLocaleInfo
 0001:00006378       GetLocaleInfo
 0001:00006380       GetLocaleInfoA
 0001:00006388       GetLocaleInfoW
 0001:0000E07C       GetLocaleStr
 0001:00006370       GetLocalTime
 0001:0008B64C       GetLongHint
 0001:00025A54       GetLongNameFromShort
 0001:0001722C       GetLongStrProp
 0001:0005388C       GetMainWindow
 0001:00006708       GetMapMode
 0001:00039294       GetMD5
 0001:0006B040       GetMemInfo
 0001:00001B78       GetMemoryManager
 0001:00006A40       GetMenu
 0001:000A9978       GetMenuHelpContext
 0001:00006A48       GetMenuItemCount
 0001:00006A50       GetMenuItemID
 0001:00006A58       GetMenuItemInfo
 0001:0009FA6C       GetMenuSize
 0001:00006A60       GetMenuState
 0001:00006A68       GetMenuString
 0001:000177D0       GetMethodProp
 0001:000259B0       GetModifiedDate
 0001:00031280       GetModifiedDate
 0001:0005435C       GetModuleDescriptionAndVersion
 0001:00000304       GetModuleFileName
 0001:00006390       GetModuleFileName
 0001:00006398       GetModuleFileNameA
 0001:00005EFC       GetModuleHandle
 0001:000063A0       GetModuleHandle
 0001:0000030C       GetModuleHandle
 0001:000063A8       GetModuleHandleA
 0001:00054150       GetModulePath
 0001:0005422C       GetModuleSize
 0001:00054B48       GetModulesList
 0001:000549B8       GetModulesWin9X
 0001:00054854       GetModulesWinNT
 0001:000542BC       GetModuleVer
 0001:00058E38       GetModule_ProcedureEvent
 0002:0000C540       GetMonitorInfo
 0002:0000C544       GetMonitorInfoA
 0002:0000C548       GetMonitorInfoW
 0001:0005DE74       GetMonitorWorkAreaFromActiveWnd
 0001:0005DE50       GetMonitorWorkAreaFromWnd
 0001:0005DD68       GetMonitorWorkAreaFromWndEx
 0001:0000E12C       GetMonthDayNames
 0001:00030934       GetMXBestRecord
 0001:0003086C       GetMXRecord
 0001:00030A24       GetMXServerFromEmail
 0001:0006BCC0       GetNetworkData
 0001:00006A70       GetNextWindow
 0001:00006710       GetObject
 0001:00007A48       GetObjectCaller
 0001:00065370       GetOptimizedPalette
 0001:0003AC40       GetOptionsDefault
 0001:00008A3C       GetOptionsFromExeFile
 0001:0003A7DC       GetOptionsValue
 0001:00017054       GetOrdProp
 0001:00051500       GetOSBuild
 0001:0006ADCC       GetOSCharset
 0001:0006ADC0       GetOSLanguage
 0001:000510D8       GetOSType
 0001:0006AC18       GetOSUpdate
 0001:000527D8       GetOutOfMemoryCache
 0001:00064F14       GetPaletteColors
 0001:00006718       GetPaletteEntries
 0001:0006A9F0       GetParameters
 0001:00001E68       GetParamStr
 0001:00006A78       GetParent
 0001:000A4E24       GetParentForm
 0001:000556BC       GetParentProcessID
 0001:0005CEF8       GetParentWnd
 0001:0005AF1C       GetPassword
 0001:00006720       GetPixel
 0001:0006CFF0       GetPrinterStr
 0001:000063B0       GetPriorityClass
 0001:000063B8       GetPrivateProfileStringA
 0001:00000314       GetProcAddress
 0001:000063C0       GetProcAddress
 0001:000554B8       GetProcessesList
 0001:0006B52C       GetProcessor
 0001:00054714       GetProcessThreads
 0001:000063C8       GetProfileStringA
 0001:00006A80       GetProp
 0001:00016FE4       GetPropInfo
 0001:00007558       GetRawCallStackDump
 0001:00008988       GetRawOptions
 0001:00007180       GetReadableSize
 0001:000258C8       GetReadableSize
 0001:000585E0       GetRealFileName
 0001:000A52E4       GetRealScrollPosition
 0001:0004CDD8       GetRefAddress
 0001:0004CF1C       GetRegName
 0001:00008940       GetResourceData
 0001:00056A2C       GetResourceData
 0001:0009AF68       GetRGBColor
 0001:00006E64       GetRValue
 0001:00006A88       GetScrollInfo
 0001:00006A90       GetScrollPos
 0001:00006A98       GetScrollRange
 0001:0008B608       GetShortHint
 0001:00017124       GetShortStrProp
 0001:000171BC       GetShortStrPropAsLongStr
 0001:000571C8       GetSourceInfoByAddr
 0001:00000688       GetSpace
 0001:000006EC       GetSpaceAt
 0001:0009D4B8       GetSpecialName
 0001:0006E614       GetStack
 0001:0006B444       GetStartDate
 0001:0000031C       GetStartupInfo
 0001:000063D0       GetStartupInfoA
 0001:000063D8       GetStdHandle
 0001:00000264       GetStdHandle
 0001:00006728       GetStockObject
 0001:000063E0       GetStringTypeEx
 0001:0001735C       GetStrProp
 0001:00006AA0       GetSubMenu
 0001:000578E4       GetSymbolAddr
 0001:00006AA8       GetSysColor
 0001:00006AB0       GetSysColorBrush
 0001:000063E8       GetSystemDefaultLangID
 0001:000063F0       GetSystemInfo
 0001:00006AB8       GetSystemMenu
 0001:00006AC0       GetSystemMetrics
 0002:0000C530       GetSystemMetrics
 0001:00006730       GetSystemPaletteEntries
 0001:000063F8       GetSystemTime
 0001:0006B6D4       GetSystemUpTime
 0001:0003A190       GetTagValue
 0001:00006400       GetTempPathA
 0001:0003A5D0       GetTextAreaValue
 0001:00006738       GetTextExtentPoint32
 0001:00006740       GetTextExtentPoint32A
 0001:0005CC34       GetTextHeight
 0001:00006748       GetTextMetrics
 0001:0005CE18       GetTextWidth
 0002:0000C654       GetThemeAppProperties
 0002:0000C5C0       GetThemeBackgroundContentRect
 0002:0000C5C4       GetThemeBackgroundExtent
 0002:0000C5D4       GetThemeBackgroundRegion
 0002:0000C5F8       GetThemeBool
 0002:0000C5EC       GetThemeColor
 0002:0000C660       GetThemeDocumentationProperty
 0002:0000C600       GetThemeEnumValue
 0002:0000C620       GetThemeFilename
 0002:0000C608       GetThemeFont
 0002:0000C5FC       GetThemeInt
 0002:0000C614       GetThemeIntList
 0002:0000C610       GetThemeMargins
 0002:0000C5F0       GetThemeMetric
 0002:0000C5C8       GetThemePartSize
 0002:0000C604       GetThemePosition
 0002:0000C618       GetThemePropertyOrigin
 0002:0000C60C       GetThemeRect
 0002:0000C5F4       GetThemeString
 0002:0000C62C       GetThemeSysBool
 0002:0000C624       GetThemeSysColor
 0002:0000C628       GetThemeSysColorBrush
[...]
 16880 0001:00075385 16889 0001:00075388 16890 0001:0007538B 16891 0001:000753A9
 16893 0001:000753AC 16895 0001:000753C4 16897 0001:000753C9 16898 0001:000753CA
 16899 0001:000753CD 16901 0001:000753D0 16902 0001:000753EB 16908 0001:000753F4
 16909 0001:000753F9 16920 0001:000753FC 16921 0001:0007541B 16922 0001:00075466
 16923 0001:0007546C 16924 0001:00075476 16925 0001:000754BE 16926 0001:000754F0
 16956 0001:000755E8 16957 0001:000755EB 16959 0001:000755F9 16960 0001:00075604
 16961 0001:00075611 16963 0001:00075628 16967 0001:0007562C 16968 0001:00075633
 16970 0001:00075635 16971 0001:00075636 16972 0001:00075637 16973 0001:00075639
 16974 0001:0007563C 16975 0001:00075641 16976 0001:00075642 16977 0001:00075643
 16978 0001:00075648 16979 0001:0007564A 16980 0001:0007564B 16981 0001:0007564C
 16982 0001:0007564E 16983 0001:00075650 16984 0001:00075652 16985 0001:00075654
 16986 0001:00075656 16987 0001:0007565C 16988 0001:0007565E 16989 0001:00075660
 16990 0001:00075662 16991 0001:00075667 16992 0001:0007566C 16995 0001:0007566D
 16998 0001:00075672 17163 0001:00075674 17164 0001:00075679 17165 0001:00075680
 17167 0001:00075684 17168 0001:0007568B 17169 0001:00075694 17171 0001:000756A3
 17173 0001:000756B2 17331 0001:000756B8 17332 0001:000756BF 17333 0001:000756C9
 17334 0001:000756D7 17336 0001:000756F5 17338 0001:0007570A 17359 0001:00075710
 17360 0001:00075715 17364 0001:00075718 17365 0001:0007571D 17393 0001:00075720
 17394 0001:00075722 17395 0001:00075725 17397 0001:00075728 17398 0001:00075738
 17400 0001:0007573C 17401 0001:00075746 17402 0001:00075754 17404 0001:0007575D
 17405 0001:00075774 17407 0001:00075778 17408 0001:0007578B 17412 0001:00075795
 17421 0001:000757D1 17423 0001:000757DC 17424 0001:000757E2 17426 0001:000757EA
 17427 0001:000757F8 17429 0001:0007580C 17431 0001:00075824 17432 0001:00075828
 17434 0001:00075830 17438 0001:00075863 17440 0001:00075878 17466 0001:000758B8
 17467 0001:000758BE 17468 0001:000758DB 17469 0001:000758E5 17474 0001:000758E8
 17475 0001:000758EE 17476 0001:0007590B 17477 0001:00075915 17483 0001:00075918
 17484 0001:00075921 17487 0001:00075947 17488 0001:00075951 17489 0001:0007595F
 17491 0001:00075976 17494 0001:00075985 17497 0001:0007598C 17498 0001:00075992
 17500 0001:000759BE 17501 0001:000759C8 17506 0001:000759CC 17507 0001:000759D2
 17508 0001:000759EF 17509 0001:000759F9 17512 0001:000759FC 17513 0001:00075A02
 17515 0001:00075A19 17516 0001:00075A33 17518 0001:00075A40 17519 0001:00075A4A
 17528 0001:00075A50 17529 0001:00075A6B 17530 0001:00075A73 17532 0001:00075A79
 17533 0001:00075A92 17535 0001:00075A98 17536 0001:00075AAA 17539 0001:00075AC1
 17540 0001:00075ADA 17541 0001:00075AE0 17543 0001:00075AFF 17544 0001:00075B0E
 17545 0001:00075B23 17546 0001:00075B47 17557 0001:00075B94 17558 0001:00075BA8
 17560 0001:00075BFC 17574 0001:00075C14 17575 0001:00075C34 17576 0001:00075C43
 17578 0001:00075C49 17579 0001:00075C57 17581 0001:00075C6D 17582 0001:00075C87
 17583 0001:00075C92 17584 0001:00075CA0 17585 0001:00075CB3 17586 0001:00075CBB
 17588 0001:00075CCA 17589 0001:00075CDC 17590 0001:00075CEA 17592 0001:00075D04
 17595 0001:00075D24 17597 0001:00075D54 17599 0001:00075D5C 17600 0001:00075D7C
 17602 0001:00075D8B 17603 0001:00075D9A 17604 0001:00075DA8 17605 0001:00075DB6
 17606 0001:00075DC4 17607 0001:00075DD3 17608 0001:00075DEB 17609 0001:00075E02
 17612 0001:00075E20 17613 0001:00075E4A 17615 0001:00075E57 17616 0001:00075E66
 17617 0001:00075E74 17618 0001:00075E90 17619 0001:00075E9C 17620 0001:00075EAB
 17621 0001:00075EB9 17622 0001:00075EC4 17623 0001:00075ED0 17624 0001:00075EE1
 17626 0001:00075F09 17629 0001:00075F26 17632 0001:00075F36 17635 0001:00075F50
 17638 0001:00075F76 17641 0001:00075F86 17642 0001:00075FB1 17650 0001:00075FC4
 17651 0001:00075FE7 17654 0001:00076008 17655 0001:0007600C 17658 0001:00076023
 17659 0001:0007603C 17661 0001:0007606E 17666 0001:00076078 17667 0001:0007607E
 17668 0001:00076098 17669 0001:000760A2 17675 0001:000760A8 17676 0001:000760AF
 17678 0001:000760B1 17679 0001:000760B6 17680 0001:000760B8 17682 0001:000760BA
 17683 0001:000760BE 17684 0001:000760C3 17685 0001:000760C5 17687 0001:000760C7
 17688 0001:000760CC 17689 0001:000760D2 17690 0001:000760D3 17691 0001:000760D9
 17692 0001:000760DB 17693 0001:000760DD 17694 0001:000760DF 17695 0001:000760E5
 17696 0001:000760E7 17697 0001:000760E9 17698 0001:000760EB 17699 0001:000760F0
 17700 0001:000760F2 17701 0001:000760F7 17702 0001:000760F9 17703 0001:000760FA
 17704 0001:000760FF 17705 0001:00076100 17708 0001:00076105 17709 0001:0007610B
 17714 0001:0007610C 17715 0001:0007611E 17716 0001:00076140 17732 0001:00076144
 17733 0001:0007614E 17736 0001:00076152 17737 0001:00076158 17734 0001:00076159
 17739 0001:00076169 17742 0001:00076170 17744 0001:00076177 17745 0001:00076183
 17746 0001:0007618D 17747 0001:0007619F 17749 0001:000761A4 17751 0001:000761C2
 17754 0001:000761C4 17757 0001:000761D2 17759 0001:000761EB 17762 0001:000761F4
 17763 0001:00076205 17765 0001:00076207 17766 0001:00076220 17767 0001:0007623F
 17769 0001:00076247 17770 0001:00076252 17771 0001:0007625E 17772 0001:0007626C
 17773 0001:00076281 17774 0001:0007628F 17775 0001:00076298 17778 0001:000762CF
 17780 0001:000762F0 17783 0001:000762FE 17785 0001:00076342 17789 0001:0007635F
 17792 0001:0007637C 17793 0001:00076387 17796 0001:0007639B 17797 0001:000763C5
 17802 0001:000763CC 17803 0001:000763CF 17807 0001:000763EA 17808 0001:000763F1
 17809 0001:000763FF 17812 0001:0007641C 17814 0001:00076423 17815 0001:00076434
 17816 0001:0007643D 17817 0001:00076449 17819 0001:00076460 17821 0001:0007646F
 17825 0001:00076474 17827 0001:00076486 17828 0001:00076490 17829 0001:0007649E
 17831 0001:000764B0 17832 0001:000764C0 17833 0001:000764CA 17834 0001:000764D1
 17841 0001:000764D4 17842 0001:000764DA 17844 0001:000764E3 17846 0001:000764EB
 17847 0001:000764F4 17848 0001:000764FE 17850 0001:00076505 17854 0001:0007650D
 17855 0001:00076516 17858 0001:0007651C 17859 0001:00076522 17861 0001:0007652B
 17863 0001:00076530 17864 0001:00076539 17865 0001:00076546 17867 0001:0007654D
 17871 0001:00076555 17872 0001:0007655E 17876 0001:00076564 17877 0001:00076569
 17881 0001:0007656C 17882 0001:00076571 17891 0001:00076574 17892 0001:00076598
 17895 0001:000765D4 17896 0001:000765EB 17897 0001:000765F2 17901 0001:00076601
 17902 0001:00076618 17906 0001:00076627 17907 0001:0007663E 17911 0001:0007664D
 17912 0001:00076664 17916 0001:00076673 17917 0001:0007668A 17921 0001:00076699
 17922 0001:000766B0 17926 0001:000766BF 17927 0001:000766D6 17928 0001:000766F3
 17932 0001:000766FA 17933 0001:00076711 17937 0001:0007671D 17938 0001:00076734
 17942 0001:00076740 17943 0001:00076757 17946 0001:00076790 18049 0001:000767A4
 18050 0001:000767BF 18051 0001:000767CD 18052 0001:000767D6 18054 0001:000767E0
 18055 0001:000767F4 18052 0001:000767F7 18056 0001:00076817 18069 0001:00076820
 18070 0001:0007683A 18073 0001:00076847 18075 0001:00076855 18076 0001:0007685C
 18078 0001:00076873 18082 0001:0007688E 18083 0001:0007689C 18084 0001:000768A3
 18086 0001:000768BA 18091 0001:000768D5 18092 0001:000768E3 18093 0001:000768EA
 18094 0001:000768F1 18096 0001:000768FD 18097 0001:00076904 18099 0001:00076915
 18100 0001:0007692E 18101 0001:00076937 18103 0001:0007693F 18106 0001:00076950
 18107 0001:0007695D 18109 0001:00076980 18111 0001:00076996 18112 0001:000769A7
 18113 0001:000769BA 18114 0001:000769CD 18115 0001:000769DE 18116 0001:000769E8
 18117 0001:000769F2 18118 0001:000769FC 18119 0001:00076A06 18120 0001:00076A15
 18121 0001:00076A1C 18123 0001:00076A3E 18125 0001:00076A4C 18126 0001:00076A55
 18127 0001:00076A5D 18129 0001:00076A65 18130 0001:00076A76 18131 0001:00076A87
 18132 0001:00076A98 18133 0001:00076A9D 18134 0001:00076AAE 18135 0001:00076ABF
 18136 0001:00076AD0 18138 0001:00076AE4 18140 0001:00076B15 18148 0001:00076B88
 18149 0001:00076BAF 18152 0001:00076BBC 18153 0001:00076BBE 18154 0001:00076BCC
 18156 0001:00076BD4 18157 0001:00076BE1 18158 0001:00076BF5 18159 0001:00076C04
 18162 0001:00076C13 18164 0001:00076C17 18165 0001:00076C19 18167 0001:00076C1D
 18168 0001:00076C2A 18171 0001:00076C37 18172 0001:00076C3E 18173 0001:00076C64
 18174 0001:00076C6D 18175 0001:00076C76 18177 0001:00076C83 18154 0001:00076C87
 18179 0001:00076C90 18180 0001:00076C99 18182 0001:00076CA2 18183 0001:00076CB1
 18185 0001:00076CBE 18186 0001:00076CCC 18188 0001:00076CE2 18190 0001:00076CF1
 18198 0001:00076D18 18199 0001:00076D3A 18201 0001:00076D47 18203 0001:00076D63
 18207 0001:00076D71 18209 0001:00076D78 18212 0001:00076D97 18216 0001:00076E14
 18218 0001:00076E22 18220 0001:00076E59 18223 0001:00076E78 18228 0001:00076E89
 18229 0001:00076E93 18232 0001:00076E9A 18233 0001:00076EA8 18234 0001:00076EAF
 18235 0001:00076EB9 18236 0001:00076EC0 18237 0001:00076ECA 18238 0001:00076ED1
 18239 0001:00076EDB 18240 0001:00076EE2 18241 0001:00076EEC 18242 0001:00076EF6
 18243 0001:00076F00 18244 0001:00076F0A 18245 0001:00076F14 18246 0001:00076F1B
 18247 0001:00076F25 18248 0001:00076F2C 18249 0001:00076F36 18250 0001:00076F3D
 18251 0001:00076F47 18252 0001:00076F4E 18253 0001:00076F58 18254 0001:00076F5F
 18255 0001:00076F69 18256 0001:00076F70 18257 0001:00076F7A 18258 0001:00076F81
 18259 0001:00076F8B 18260 0001:00076F92 18261 0001:00076F9C 18262 0001:00076FA3
 18263 0001:00076FAE 18264 0001:00076FBD 18267 0001:00076FC2 18268 0001:00076FCB
 18271 0001:00076FD4 18272 0001:00076FDE 18273 0001:00076FE8 18274 0001:00076FF2
 18275 0001:00076FFC 18276 0001:00077006 18277 0001:00077010 18278 0001:0007701A
 18279 0001:00077024 18280 0001:0007702E 18281 0001:00077038 18282 0001:00077042
 18283 0001:0007704C 18284 0001:00077056 18285 0001:00077060 18286 0001:0007706A
 18287 0001:00077074 18288 0001:0007707E 18289 0001:00077088 18290 0001:00077092
 18291 0001:0007709C 18292 0001:000770A6 18293 0001:000770B0 18294 0001:000770BA
 18295 0001:000770C4 18296 0001:000770CE 18297 0001:000770D8 18298 0001:000770E2
 18299 0001:000770EC 18300 0001:000770F6 18301 0001:00077100 18303 0001:00077105
 18306 0001:0007711E 18311 0001:00077139 18313 0001:00077147 18314 0001:0007714E
 18316 0001:00077165 18320 0001:00077180 18321 0001:0007718E 18322 0001:00077195
 18324 0001:000771AC 18329 0001:000771E9 18333 0001:000772A0 18334 0001:000772B7
 18338 0001:000772B8 18339 0001:000772CF 18346 0001:000772D0 18347 0001:000772DA
 18350 0001:000772DC 18352 0001:000772EF 18353 0001:000772FA 18354 0001:00077305
 18357 0001:00077310 18358 0001:0007731B 18361 0001:00077326 18362 0001:00077342
 18363 0001:0007736A 18382 0001:00077370 18383 0001:0007738D 18385 0001:000773A7
 18386 0001:000773AE 18387 0001:000773B0 18388 0001:000773C4 18389 0001:000773CB
 18391 0001:000773CF 18393 0001:000773E5 18395 0001:000773EC 18397 0001:000773FA
 18399 0001:000773FE 18400 0001:0007742D 18403 0001:00077432 18404 0001:00077456
 18405 0001:00077462 18406 0001:00077472 18409 0001:00077476 18410 0001:000774A3
 18423 0001:000774AC 18424 0001:000774B0 18425 0001:000774B6 18429 0001:000774BC
 18430 0001:000774C3 18431 0001:000774C8 18436 0001:000774CC 18437 0001:000774D3
 18439 0001:000774F0 18441 0001:000774F5 18443 0001:000774FA 18444 0001:000774FB
 18445 0001:000774FE 18447 0001:00077501 18448 0001:00077511 18453 0001:00077518
 18454 0001:0007751F 18459 0001:0007754D 18461 0001:00077552 18462 0001:00077553
 18463 0001:00077556 18465 0001:00077559 18466 0001:00077569 18471 0001:00077570
 18472 0001:00077576 18473 0001:00077585 18474 0001:00077593 18476 0001:000775B8
 18478 0001:000775CB 18483 0001:000775D0 18484 0001:000775D7 18486 0001:000775F4
 18488 0001:000775F9 18490 0001:000775FE 18491 0001:000775FF 18492 0001:00077602
 18494 0001:00077605 18495 0001:00077615 18507 0001:0007761C 18508 0001:00077628
 18511 0001:00077630 18512 0001:0007763F 18513 0001:0007764D 18514 0001:00077657
 18515 0001:0007765D 18517 0001:00077666 18519 0001:00077671 18520 0001:0007767B
 18521 0001:00077681 18523 0001:0007768A 18525 0001:00077695 18526 0001:0007769F
 18527 0001:000776A5 18529 0001:000776AE 18531 0001:000776B9 18534 0001:000776C6
 18538 0001:000776D2 18540 0001:000776E7 18541 0001:000776F1 18531 0001:000776F2
 18543 0001:000776F5 18546 0001:00077702 18547 0001:0007771F 18548 0001:00077733
 18543 0001:00077734 18550 0001:00077744 18552 0001:00077754 18563 0001:0007775C
 18565 0001:0007775F 18566 0001:00077765 18569 0001:0007776C 18571 0001:0007777F
 18572 0001:00077795 18573 0001:000777A2 18574 0001:000777BD 18578 0001:000777D2
 18579 0001:000777DF 18583 0001:000777E4 18584 0001:000777EB 18585 0001:000777F1
 18587 0001:000777F4 18588 0001:00077803 18590 0001:0007780A 18592 0001:0007780F
 18602 0001:0007781B 18604 0001:0007781C 18596 0001:00077826 18609 0001:00077836
 18612 0001:00077842 18613 0001:0007784F 18615 0001:0007786A 18616 0001:0007787C
 18619 0001:00077889 18621 0001:0007788E 18631 0001:0007789B 18633 0001:0007789C
 18625 0001:000778A7 18638 0001:000778B7 18641 0001:000778C3 18642 0001:000778D1
 18644 0001:000778ED 18646 0001:000778FB 18656 0001:00077904 18657 0001:0007791F
 18658 0001:0007792C 18659 0001:00077948 18660 0001:00077973 18661 0001:0007799C
 18663 0001:000779EC 18673 0001:00077A0A 18697 0001:00077A25 18713 0001:00077A40
 18724 0001:00077A4D 18727 0001:00077A5E 18734 0001:00077A6F 18738 0001:00077A8A
 18744 0001:00077AA5 18747 0001:00077AAA 18751 0001:00077ACA 18760 0001:00077AEA
 18761 0001:00077AEB 18763 0001:00077AF8 18768 0001:00077B18 18781 0001:00077B33
 18786 0001:00077B4E 18787 0001:00077B57 18792 0001:00077B72 18794 0001:00077B80
 18797 0001:00077BBD 18801 0001:00077E84 18802 0001:00077E9E 18805 0001:00077EA0
 18806 0001:00077EA3 18807 0001:00077EB4 18810 0001:00077EB8 18814 0001:00077EBB
 18816 0001:00077EC2 18845 0001:00077EC4 18846 0001:00077EC7 18848 0001:00077ECE
 18849 0001:00077ED5 18854 0001:00077ED8 18855 0001:00077EDD 18857 0001:00077EF8
 18858 0001:00077F02 18859 0001:00077F10 18860 0001:00077F15 18862 0001:00077F25
 18865 0001:00077F53 18866 0001:00077F69 18868 0001:00077F70 18860 0001:00077F71
 18870 0001:00077F81 18872 0001:00077F93 18887 0001:00077F98 18888 0001:00077F9F
 18889 0001:00077FB2 18890 0001:00077FC0 18892 0001:00077FD7 18894 0001:00077FE7
 18896 0001:00077FEC 18897 0001:00078009 18898 0001:0007800D 18900 0001:0007802A
 18901 0001:00078039 18902 0001:00078047 18903 0001:0007805F 18905 0001:00078073
 18906 0001:00078086 18907 0001:0007808C 18908 0001:00078094 18909 0001:000780A8
 18911 0001:000780BB 18913 0001:000780F0 18917 0001:000780F8 18918 0001:0007810C
 18920 0001:00078110 18921 0001:0007811C 18923 0001:00078120 18924 0001:0007813F
 18925 0001:0007815D 18927 0001:00078167 18929 0001:00078172 18932 0001:0007819C
 18945 0001:000781CB 18947 0001:000781D2 18949 0001:000781D9 18950 0001:000781E0
 18951 0001:000781EC 18952 0001:000781F3 18954 0001:00078208 18958 0001:0007820F
 18959 0001:00078216 18960 0001:0007821D 18961 0001:00078224 18962 0001:0007822B
 18963 0001:00078232 18964 0001:00078239 18965 0001:00078240 18966 0001:00078247
 18967 0001:0007825E 18968 0001:00078275 18969 0001:0007827C 18970 0001:00078286
 18971 0001:0007828D 18972 0001:0007829C 18973 0001:000782A3 18974 0001:000782B4
 18975 0001:000782BE 18977 0001:000782C5 18978 0001:000782CF 18979 0001:000782D9
 18981 0001:000782E3 18983 0001:000782E8 18986 0001:000782F1 18989 0001:000782F6
 18991 0001:00078304 18992 0001:0007830B 18996 0001:00078310 18997 0001:00078321
 18999 0001:00078332 19000 0001:0007834B 19001 0001:00078354 19003 0001:0007835C
 19041 0001:0007836F 19043 0001:00078374 19044 0001:00078385 19045 0001:00078396
 19046 0001:000783A7 19047 0001:000783B8 19053 0001:000783C9 19054 0001:000783D0
 19055 0001:000783DC 19056 0001:000783E3 19057 0001:000783EA 19058 0001:000783F4
 19059 0001:000783FB 19060 0001:00078402 19063 0001:00078424 19064 0001:00078437
 19066 0001:00078445 19067 0001:0007844E 19068 0001:00078456 19071 0001:0007845E
 19072 0001:00078463 19073 0001:0007846D 19074 0001:00078477 19076 0001:00078488
 19077 0001:00078499 19078 0001:0007849E 19079 0001:000784A5 19080 0001:000784AF
 19081 0001:000784B6 19082 0001:000784BD 19083 0001:000784C4 19084 0001:000784CB
 19085 0001:000784D2 19087 0001:000784D9 19088 0001:000784E0 19089 0001:000784E7
 19091 0001:000784EE 19093 0001:000784F5 19096 0001:000784FD 19098 0001:00078507
 19100 0001:00078521 19101 0001:0007852D 19102 0001:00078538 19103 0001:00078544
 19105 0001:0007854F 19108 0001:00078554 19114 0001:000785A1 19120 0001:000785EE
 19126 0001:0007863B 19127 0001:00078650 19129 0001:00078659 19143 0001:00078672
 19149 0001:000786BF 19155 0001:0007870C 19161 0001:00078759 19162 0001:00078762
 19164 0001:00078767 19165 0001:00078770 19167 0001:00078775 19169 0001:00078783
 19170 0001:00078788 19174 0001:000787B2 19176 0001:000787BF 19179 0001:000787D3
 19180 0001:000787DC 19182 0001:00078804 19186 0001:00078840 19190 0001:00078847
 19192 0001:00078850 19193 0001:00078855 19197 0001:00078884 19204 0001:00078958
 19205 0001:00078971 19206 0001:0007897F 19208 0001:00078992 19209 0001:0007899C
 19211 0001:000789A6 19212 0001:000789B9 19214 0001:000789C0 19215 0001:000789CA
 19216 0001:000789D1 19217 0001:000789DB 19218 0001:000789E2 19219 0001:000789EC
 19220 0001:000789F3 19221 0001:000789FD 19222 0001:00078A04 19223 0001:00078A0E
 19225 0001:00078A15 19226 0001:00078A1A 19228 0001:00078A25 19230 0001:00078A37
 19231 0001:00078A44 19233 0001:00078A51 19235 0001:00078A5A 19236 0001:00078A6D
 19241 0001:00078A74 19242 0001:00078A7D 19244 0001:00078A8C 19245 0001:00078A96
 19246 0001:00078A9D 19247 0001:00078AA7 19248 0001:00078AAE 19249 0001:00078AB8
 19251 0001:00078ABF 19252 0001:00078AC9 19253 0001:00078AD3 19254 0001:00078ADD
 19255 0001:00078AE7 19258 0001:00078AEE 19260 0001:00078AF7 19261 0001:00078B04
 19262 0001:00078B13 19265 0001:00078B29 19266 0001:00078B33 19267 0001:00078B3A
 19268 0001:00078B44 19269 0001:00078B4B 19270 0001:00078B55 19272 0001:00078B5C
 19273 0001:00078B6C 19274 0001:00078B7D 19275 0001:00078B8D 19277 0001:00078B9E
 19278 0001:00078BAD 19285 0001:00078BB4 19287 0001:00078BBD 19288 0001:00078BC8
 19289 0001:00078BD2 19290 0001:00078BDC 19298 0001:00078BE3 19299 0001:00078BE8
 19301 0001:00078BFC 19302 0001:00078C06 19303 0001:00078C0D 19305 0001:00078C3C
 19352 0001:00078C40 19354 0001:00078C53 19355 0001:00078C58 19356 0001:00078C5F
 19358 0001:00078C63 19359 0001:00078C70 19361 0001:00078C9B 19370 0001:00078CE4
 19381 0001:00078CF8 19382 0001:00078D24 19384 0001:00078E94 19374 0001:00078EB4
 19375 0001:00078ED8 19376 0001:00078EE7 19377 0001:00078EEC 19378 0001:00078EFB
 19380 0001:00078F15

Line numbers for GoGetURL_TLB(GoGetURL_TLB.pas) segment .text

   238 0001:000B0C74   239 0001:000B0C7C   244 0001:000B0C80   245 0001:000B0C96
   247 0001:000B0C9C   248 0001:000B0CA6   250 0001:000B0CD3   259 0001:000B0CE8
   260 0001:000B0CEB   262 0001:000B0CF1   264 0001:000B0CF9   267 0001:000B0CFC
   268 0001:000B0D02   269 0001:000B0D08   270 0001:000B0D0F   271 0001:000B0D29
   272 0001:000B0D33   275 0001:000B0E08   276 0001:000B0E1A   280 0001:000B0E3A
   283 0001:000B0E40   287 0001:000B0E4B   288 0001:000B0E62   318 0001:000B0E68
   319 0001:000B0E84   320 0001:000B0EC2   346 0001:000B0EF8   346 0001:000B0EFF

Line numbers for uMainForm(uMainForm.pas) segment .text

    30 0001:000B10D0    31 0001:000B10EA    32 0001:000B1165    34 0001:000B119C
    34 0001:000B11A3

Line numbers for GoGetURLApp(C:\Dev\GitHub\GoGetURLContentAt\TestDelphi7\GoGetURLApp.dpr) segment .text

    10 0001:000B1484    11 0001:000B1494    12 0001:000B14A0    13 0001:000B14B8
    14 0001:000B14C4

Bound resource files

C:\Apps\EurekaLab\EurekaLog 6\Delphi7\DIALOG.RES
c:\apps\borland\delphi7\Lib\Buttons.res
c:\apps\borland\delphi7\Lib\ExtDlgs.res
c:\apps\borland\delphi7\Lib\Controls.res
uMainForm.dfm
GoGetURLApp.res
GoGetURLApp.drf


Program entry point at 0001:000B1484
